Archive member included because of file (symbol)

c:\Users\Alex\OneDrive - Imperial College London\ME3\DMT\Coop-robolift\Arduino\Build/core\core.a(cortex_handlers.c.o)
                              (Reset_Handler)
c:\Users\Alex\OneDrive - Imperial College London\ME3\DMT\Coop-robolift\Arduino\Build/core\core.a(delay.c.o)
                              c:\Users\Alex\OneDrive - Imperial College London\ME3\DMT\Coop-robolift\Arduino\Build/core\core.a(cortex_handlers.c.o) (SysTick_DefaultHandler)
c:\Users\Alex\OneDrive - Imperial College London\ME3\DMT\Coop-robolift\Arduino\Build/core\core.a(hooks.c.o)
                              c:\Users\Alex\OneDrive - Imperial College London\ME3\DMT\Coop-robolift\Arduino\Build/core\core.a(delay.c.o) (yield)
c:\Users\Alex\OneDrive - Imperial College London\ME3\DMT\Coop-robolift\Arduino\Build/core\core.a(startup.c.o)
                              c:\Users\Alex\OneDrive - Imperial College London\ME3\DMT\Coop-robolift\Arduino\Build/core\core.a(cortex_handlers.c.o) (SystemInit)
c:\Users\Alex\OneDrive - Imperial College London\ME3\DMT\Coop-robolift\Arduino\Build/core\core.a(wiring.c.o)
                              c:\Users\Alex\OneDrive - Imperial College London\ME3\DMT\Coop-robolift\Arduino\Build/core\core.a(startup.c.o) (SystemCoreClock)
c:\Users\Alex\OneDrive - Imperial College London\ME3\DMT\Coop-robolift\Arduino\Build/core\core.a(wiring_analog.c.o)
                              c:\Users\Alex\OneDrive - Imperial College London\ME3\DMT\Coop-robolift\Arduino\Build/core\core.a(wiring.c.o) (analogReference)
c:\Users\Alex\OneDrive - Imperial College London\ME3\DMT\Coop-robolift\Arduino\Build/core\core.a(wiring_digital.c.o)
                              c:\Users\Alex\OneDrive - Imperial College London\ME3\DMT\Coop-robolift\Arduino\Build\sketch\MotorTest.ino.cpp.o (pinMode)
c:\Users\Alex\OneDrive - Imperial College London\ME3\DMT\Coop-robolift\Arduino\Build/core\core.a(wiring_private.c.o)
                              c:\Users\Alex\OneDrive - Imperial College London\ME3\DMT\Coop-robolift\Arduino\Build/core\core.a(wiring_analog.c.o) (pinPeripheral)
c:\Users\Alex\OneDrive - Imperial College London\ME3\DMT\Coop-robolift\Arduino\Build/core\core.a(Reset.cpp.o)
                              c:\Users\Alex\OneDrive - Imperial College London\ME3\DMT\Coop-robolift\Arduino\Build/core\core.a(delay.c.o) (tickReset)
c:\Users\Alex\OneDrive - Imperial College London\ME3\DMT\Coop-robolift\Arduino\Build/core\core.a(SERCOM.cpp.o)
                              c:\Users\Alex\OneDrive - Imperial College London\ME3\DMT\Coop-robolift\Arduino\Build\core\variant.cpp.o (SERCOM::SERCOM(Sercom*))
c:\Users\Alex\OneDrive - Imperial College London\ME3\DMT\Coop-robolift\Arduino\Build/core\core.a(Uart.cpp.o)
                              c:\Users\Alex\OneDrive - Imperial College London\ME3\DMT\Coop-robolift\Arduino\Build\core\variant.cpp.o (Uart::Uart(SERCOM*, unsigned char, unsigned char, SercomRXPad, SercomUartTXPad))
c:\Users\Alex\OneDrive - Imperial College London\ME3\DMT\Coop-robolift\Arduino\Build/core\core.a(abi.cpp.o)
                              c:\Users\Alex\OneDrive - Imperial College London\ME3\DMT\Coop-robolift\Arduino\Build/core\core.a(Uart.cpp.o) (__cxa_pure_virtual)
c:\Users\Alex\OneDrive - Imperial College London\ME3\DMT\Coop-robolift\Arduino\Build/core\core.a(main.cpp.o)
                              c:/users/alex/appdata/local/arduino15/packages/arduino/tools/arm-none-eabi-gcc/4.8.3-2014q1/bin/../lib/gcc/arm-none-eabi/4.8.3/../../../../arm-none-eabi/lib/armv6-m/crt0.o (main)
c:\Users\Alex\OneDrive - Imperial College London\ME3\DMT\Coop-robolift\Arduino\Build/core\core.a(USBCore.cpp.o)
                              c:\Users\Alex\OneDrive - Imperial College London\ME3\DMT\Coop-robolift\Arduino\Build/core\core.a(main.cpp.o) (USBDeviceClass::init())
c:\Users\Alex\OneDrive - Imperial College London\ME3\DMT\Coop-robolift\Arduino\Build/core\core.a(Print.cpp.o)
                              c:\Users\Alex\OneDrive - Imperial College London\ME3\DMT\Coop-robolift\Arduino\Build/core\core.a(Uart.cpp.o) (Print::write(unsigned char const*, unsigned int))
c:\Users\Alex\OneDrive - Imperial College London\ME3\DMT\Coop-robolift\Arduino\Build/core\core.a(RingBuffer.cpp.o)
                              c:\Users\Alex\OneDrive - Imperial College London\ME3\DMT\Coop-robolift\Arduino\Build/core\core.a(Uart.cpp.o) (RingBuffer::RingBuffer())
c:\Users\Alex\OneDrive - Imperial College London\ME3\DMT\Coop-robolift\Arduino\Build/core\core.a(new.cpp.o)
                              c:\Users\Alex\OneDrive - Imperial College London\ME3\DMT\Coop-robolift\Arduino\Build/core\core.a(USBCore.cpp.o) (operator new(unsigned int))
c:\Users\Alex\OneDrive - Imperial College London\ME3\DMT\Coop-robolift\Arduino\Build/core\core.a(CDC.cpp.o)
                              c:\Users\Alex\OneDrive - Imperial College London\ME3\DMT\Coop-robolift\Arduino\Build/core\core.a(USBCore.cpp.o) (CDC_GetInterface(unsigned char*))
[...]
Memory Configuration

Name             Origin             Length             Attributes
FLASH            0x00002000         0x0003e000         xr
RAM              0x20000000         0x00008000         xrw
*default*        0x00000000         0xffffffff

Linker script and memory map

LOAD c:/users/alex/appdata/local/arduino15/packages/arduino/tools/arm-none-eabi-gcc/4.8.3-2014q1/bin/../lib/gcc/arm-none-eabi/4.8.3/armv6-m/crti.o
LOAD c:/users/alex/appdata/local/arduino15/packages/arduino/tools/arm-none-eabi-gcc/4.8.3-2014q1/bin/../lib/gcc/arm-none-eabi/4.8.3/armv6-m/crtbegin.o
LOAD c:/users/alex/appdata/local/arduino15/packages/arduino/tools/arm-none-eabi-gcc/4.8.3-2014q1/bin/../lib/gcc/arm-none-eabi/4.8.3/../../../../arm-none-eabi/lib/armv6-m/crt0.o
LOAD c:\Users\Alex\OneDrive - Imperial College London\ME3\DMT\Coop-robolift\Arduino\Build\sketch\MotorTest.ino.cpp.o
LOAD c:\Users\Alex\OneDrive - Imperial College London\ME3\DMT\Coop-robolift\Arduino\Build\core\variant.cpp.o
START GROUP
LOAD C:\Users\Alex\AppData\Local\Arduino15\packages\arduino\tools\CMSIS\4.5.0/CMSIS/Lib/GCC/\libarm_cortexM0l_math.a
LOAD c:/users/alex/appdata/local/arduino15/packages/arduino/tools/arm-none-eabi-gcc/4.8.3-2014q1/bin/../lib/gcc/arm-none-eabi/4.8.3/../../../../arm-none-eabi/lib/armv6-m\libm.a
LOAD c:\Users\Alex\OneDrive - Imperial College London\ME3\DMT\Coop-robolift\Arduino\Build/core\core.a
END GROUP
START GROUP
LOAD c:/users/alex/appdata/local/arduino15/packages/arduino/tools/arm-none-eabi-gcc/4.8.3-2014q1/bin/../lib/gcc/arm-none-eabi/4.8.3/armv6-m\libgcc.a
LOAD c:/users/alex/appdata/local/arduino15/packages/arduino/tools/arm-none-eabi-gcc/4.8.3-2014q1/bin/../lib/gcc/arm-none-eabi/4.8.3/../../../../arm-none-eabi/lib/armv6-m\libc_s.a
END GROUP
START GROUP
LOAD c:/users/alex/appdata/local/arduino15/packages/arduino/tools/arm-none-eabi-gcc/4.8.3-2014q1/bin/../lib/gcc/arm-none-eabi/4.8.3/armv6-m\libgcc.a
LOAD c:/users/alex/appdata/local/arduino15/packages/arduino/tools/arm-none-eabi-gcc/4.8.3-2014q1/bin/../lib/gcc/arm-none-eabi/4.8.3/../../../../arm-none-eabi/lib/armv6-m\libc_s.a
LOAD c:/users/alex/appdata/local/arduino15/packages/arduino/tools/arm-none-eabi-gcc/4.8.3-2014q1/bin/../lib/gcc/arm-none-eabi/4.8.3/../../../../arm-none-eabi/lib/armv6-m\libnosys.a
END GROUP
START GROUP
LOAD c:/users/alex/appdata/local/arduino15/packages/arduino/tools/arm-none-eabi-gcc/4.8.3-2014q1/bin/../lib/gcc/arm-none-eabi/4.8.3/armv6-m\libgcc.a
LOAD c:/users/alex/appdata/local/arduino15/packages/arduino/tools/arm-none-eabi-gcc/4.8.3-2014q1/bin/../lib/gcc/arm-none-eabi/4.8.3/../../../../arm-none-eabi/lib/armv6-m\libc_s.a
LOAD c:/users/alex/appdata/local/arduino15/packages/arduino/tools/arm-none-eabi-gcc/4.8.3-2014q1/bin/../lib/gcc/arm-none-eabi/4.8.3/../../../../arm-none-eabi/lib/armv6-m\libnosys.a
END GROUP
LOAD c:/users/alex/appdata/local/arduino15/packages/arduino/tools/arm-none-eabi-gcc/4.8.3-2014q1/bin/../lib/gcc/arm-none-eabi/4.8.3/armv6-m/crtend.o
LOAD c:/users/alex/appdata/local/arduino15/packages/arduino/tools/arm-none-eabi-gcc/4.8.3-2014q1/bin/../lib/gcc/arm-none-eabi/4.8.3/armv6-m/crtn.o

.text           0x00002000     0x2760
                0x00002000                __text_start__ = .
 *(.sketch_boot)
                0x00002000                . = ALIGN (0x2000)
 *(.isr_vector)
 .isr_vector    0x00002000       0xb4 c:\Users\Alex\OneDrive - Imperial College London\ME3\DMT\Coop-robolift\Arduino\Build/core\core.a(cortex_handlers.c.o)
                0x00002000                exception_table
 *(.text*)
 .text          0x000020b4       0x60 c:/users/alex/appdata/local/arduino15/packages/arduino/tools/arm-none-eabi-gcc/4.8.3-2014q1/bin/../lib/gcc/arm-none-eabi/4.8.3/armv6-m/crtbegin.o
 .text.setup    0x00002114        0xc c:\Users\Alex\OneDrive - Imperial College London\ME3\DMT\Coop-robolift\Arduino\Build\sketch\MotorTest.ino.cpp.o
                0x00002114                setup
 .text.loop     0x00002120       0x24 c:\Users\Alex\OneDrive - Imperial College London\ME3\DMT\Coop-robolift\Arduino\Build\sketch\MotorTest.ino.cpp.o
                0x00002120                loop
 .text.SERCOM0_Handler
                0x00002144       0x10 c:\Users\Alex\OneDrive - Imperial College London\ME3\DMT\Coop-robolift\Arduino\Build\core\variant.cpp.o
                0x00002144                SERCOM0_Handler
 .text.SERCOM5_Handler
                0x00002154       0x10 c:\Users\Alex\OneDrive - Imperial College London\ME3\DMT\Coop-robolift\Arduino\Build\core\variant.cpp.o
                0x00002154                SERCOM5_Handler
 .text.startup._GLOBAL__sub_I_g_APinDescription
                0x00002164       0x94 c:\Users\Alex\OneDrive - Imperial College London\ME3\DMT\Coop-robolift\Arduino\Build\core\variant.cpp.o
 .text.Dummy_Handler
                0x000021f8        0x2 c:\Users\Alex\OneDrive - Imperial College London\ME3\DMT\Coop-robolift\Arduino\Build/core\core.a(cortex_handlers.c.o)
                0x000021f8                DMAC_Handler
                0x000021f8                HardFault_Handler
                0x000021f8                AC_Handler
                0x000021f8                PendSV_Handler
                0x000021f8                NMI_Handler
                0x000021f8                TC7_Handler
                0x000021f8                SERCOM1_Handler
                0x000021f8                ADC_Handler
                0x000021f8                TCC1_Handler
                0x000021f8                SERCOM2_Handler
                0x000021f8                TCC0_Handler
                0x000021f8                RTC_Handler
                0x000021f8                EIC_Handler
                0x000021f8                TC6_Handler
                0x000021f8                WDT_Handler
                0x000021f8                TC4_Handler
                0x000021f8                TC3_Handler
                0x000021f8                Dummy_Handler
                0x000021f8                PM_Handler
                0x000021f8                SVC_Handler
                0x000021f8                TCC2_Handler
                0x000021f8                EVSYS_Handler
                0x000021f8                SERCOM3_Handler
                0x000021f8                SERCOM4_Handler
                0x000021f8                I2S_Handler
                0x000021f8                NVMCTRL_Handler
                0x000021f8                DAC_Handler
                0x000021f8                PTC_Handler
                0x000021f8                SYSCTRL_Handler
 *fill*         0x000021fa        0x2 
 .text.USB_Handler
                0x000021fc       0x14 c:\Users\Alex\OneDrive - Imperial College London\ME3\DMT\Coop-robolift\Arduino\Build/core\core.a(cortex_handlers.c.o)
                0x000021fc                USB_Handler
 .text.Reset_Handler
                0x00002210       0x54 c:\Users\Alex\OneDrive - Imperial College London\ME3\DMT\Coop-robolift\Arduino\Build/core\core.a(cortex_handlers.c.o)
                0x00002210                Reset_Handler
 .text.SysTick_Handler
                0x00002264       0x10 c:\Users\Alex\OneDrive - Imperial College London\ME3\DMT\Coop-robolift\Arduino\Build/core\core.a(cortex_handlers.c.o)
                0x00002264                SysTick_Handler
 .text.USB_SetHandler
                0x00002274        0xc c:\Users\Alex\OneDrive - Imperial College London\ME3\DMT\Coop-robolift\Arduino\Build/core\core.a(cortex_handlers.c.o)
                0x00002274                USB_SetHandler
 .text.delay    0x00002280       0x20 c:\Users\Alex\OneDrive - Imperial College London\ME3\DMT\Coop-robolift\Arduino\Build/core\core.a(delay.c.o)
                0x00002280                delay
 .text.SysTick_DefaultHandler
                0x000022a0       0x14 c:\Users\Alex\OneDrive - Imperial College London\ME3\DMT\Coop-robolift\Arduino\Build/core\core.a(delay.c.o)
                0x000022a0                SysTick_DefaultHandler
 .text.__empty  0x000022b4        0x2 c:\Users\Alex\OneDrive - Imperial College London\ME3\DMT\Coop-robolift\Arduino\Build/core\core.a(hooks.c.o)
                0x000022b4                yield
 .text.__false  0x000022b6        0x4 c:\Users\Alex\OneDrive - Imperial College London\ME3\DMT\Coop-robolift\Arduino\Build/core\core.a(hooks.c.o)
                0x000022b6                sysTickHook
 *fill*         0x000022ba        0x2 
 .text.SystemInit
                0x000022bc      0x168 c:\Users\Alex\OneDrive - Imperial College London\ME3\DMT\Coop-robolift\Arduino\Build/core\core.a(startup.c.o)
                0x000022bc                SystemInit
 .text.init     0x00002424       0xf0 c:\Users\Alex\OneDrive - Imperial College London\ME3\DMT\Coop-robolift\Arduino\Build/core\core.a(wiring.c.o)
                0x00002424                init
 .text.mapResolution
                0x00002514       0x12 c:\Users\Alex\OneDrive - Imperial College London\ME3\DMT\Coop-robolift\Arduino\Build/core\core.a(wiring_analog.c.o)
 *fill*         0x00002526        0x2 
 .text.analogReference
                0x00002528       0x5c c:\Users\Alex\OneDrive - Imperial College London\ME3\DMT\Coop-robolift\Arduino\Build/core\core.a(wiring_analog.c.o)
                0x00002528                analogReference
 .text.analogWrite
                0x00002584      0x1f4 c:\Users\Alex\OneDrive - Imperial College London\ME3\DMT\Coop-robolift\Arduino\Build/core\core.a(wiring_analog.c.o)
                0x00002584                analogWrite
 .text.pinMode  0x00002778       0xb4 c:\Users\Alex\OneDrive - Imperial College London\ME3\DMT\Coop-robolift\Arduino\Build/core\core.a(wiring_digital.c.o)
                0x00002778                pinMode
 .text.digitalWrite
                0x0000282c       0x60 c:\Users\Alex\OneDrive - Imperial College London\ME3\DMT\Coop-robolift\Arduino\Build/core\core.a(wiring_digital.c.o)
                0x0000282c                digitalWrite
 .text.pinPeripheral
                0x0000288c       0xc4 c:\Users\Alex\OneDrive - Imperial College London\ME3\DMT\Coop-robolift\Arduino\Build/core\core.a(wiring_private.c.o)
                0x0000288c                pinPeripheral
 .text.initiateReset
                0x00002950        0xc c:\Users\Alex\OneDrive - Imperial College London\ME3\DMT\Coop-robolift\Arduino\Build/core\core.a(Reset.cpp.o)
                0x00002950                initiateReset
 .text.cancelReset
                0x0000295c       0x10 c:\Users\Alex\OneDrive - Imperial College London\ME3\DMT\Coop-robolift\Arduino\Build/core\core.a(Reset.cpp.o)
                0x0000295c                cancelReset
 .text.tickReset
                0x0000296c       0x74 c:\Users\Alex\OneDrive - Imperial College London\ME3\DMT\Coop-robolift\Arduino\Build/core\core.a(Reset.cpp.o)
                0x0000296c                tickReset
 .text._ZN6SERCOMC2EP6Sercom
                0x000029e0        0x4 c:\Users\Alex\OneDrive - Imperial College London\ME3\DMT\Coop-robolift\Arduino\Build/core\core.a(SERCOM.cpp.o)
                0x000029e0                SERCOM::SERCOM(Sercom*)
                0x000029e0                SERCOM::SERCOM(Sercom*)
 .text._ZN6SERCOM9initFrameE18SercomUartCharSize15SercomDataOrder16SercomParityMode19SercomNumberStopBit
                0x000029e4       0x38 c:\Users\Alex\OneDrive - Imperial College London\ME3\DMT\Coop-robolift\Arduino\Build/core\core.a(SERCOM.cpp.o)
                0x000029e4                SERCOM::initFrame(SercomUartCharSize, SercomDataOrder, SercomParityMode, SercomNumberStopBit)
 .text._ZN6SERCOM8initPadsE15SercomUartTXPad11SercomRXPad
                0x00002a1c       0x26 c:\Users\Alex\OneDrive - Imperial College London\ME3\DMT\Coop-robolift\Arduino\Build/core\core.a(SERCOM.cpp.o)
                0x00002a1c                SERCOM::initPads(SercomUartTXPad, SercomRXPad)
 .text._ZN6SERCOM9resetUARTEv
                0x00002a42       0x1c c:\Users\Alex\OneDrive - Imperial College London\ME3\DMT\Coop-robolift\Arduino\Build/core\core.a(SERCOM.cpp.o)
                0x00002a42                SERCOM::resetUART()
 .text._ZN6SERCOM10enableUARTEv
                0x00002a5e       0x14 c:\Users\Alex\OneDrive - Imperial College London\ME3\DMT\Coop-robolift\Arduino\Build/core\core.a(SERCOM.cpp.o)
                0x00002a5e                SERCOM::enableUART()
 .text._ZN6SERCOM9flushUARTEv
                0x00002a72       0x10 c:\Users\Alex\OneDrive - Imperial College London\ME3\DMT\Coop-robolift\Arduino\Build/core\core.a(SERCOM.cpp.o)
                0x00002a72                SERCOM::flushUART()
 .text._ZN6SERCOM15clearStatusUARTEv
                0x00002a82        0x8 c:\Users\Alex\OneDrive - Imperial College London\ME3\DMT\Coop-robolift\Arduino\Build/core\core.a(SERCOM.cpp.o)
                0x00002a82                SERCOM::clearStatusUART()
 .text._ZN6SERCOM17availableDataUARTEv
                0x00002a8a        0xa c:\Users\Alex\OneDrive - Imperial College London\ME3\DMT\Coop-robolift\Arduino\Build/core\core.a(SERCOM.cpp.o)
                0x00002a8a                SERCOM::availableDataUART()
 .text._ZN6SERCOM11isUARTErrorEv
                0x00002a94        0x8 c:\Users\Alex\OneDrive - Imperial College London\ME3\DMT\Coop-robolift\Arduino\Build/core\core.a(SERCOM.cpp.o)
                0x00002a94                SERCOM::isUARTError()
 .text._ZN6SERCOM20acknowledgeUARTErrorEv
                0x00002a9c        0xe c:\Users\Alex\OneDrive - Imperial College London\ME3\DMT\Coop-robolift\Arduino\Build/core\core.a(SERCOM.cpp.o)
                0x00002a9c                SERCOM::acknowledgeUARTError()
 .text._ZN6SERCOM12readDataUARTEv
                0x00002aaa        0x8 c:\Users\Alex\OneDrive - Imperial College London\ME3\DMT\Coop-robolift\Arduino\Build/core\core.a(SERCOM.cpp.o)
                0x00002aaa                SERCOM::readDataUART()
 .text._ZN6SERCOM13writeDataUARTEh
                0x00002ab2        0xe c:\Users\Alex\OneDrive - Imperial College London\ME3\DMT\Coop-robolift\Arduino\Build/core\core.a(SERCOM.cpp.o)
                0x00002ab2                SERCOM::writeDataUART(unsigned char)
 .text._ZN6SERCOM13initClockNVICEv
                0x00002ac0       0xac c:\Users\Alex\OneDrive - Imperial College London\ME3\DMT\Coop-robolift\Arduino\Build/core\core.a(SERCOM.cpp.o)
                0x00002ac0                SERCOM::initClockNVIC()
 .text._ZN6SERCOM8initUARTE14SercomUartMode20SercomUartSampleRatem
                0x00002b6c       0x6c c:\Users\Alex\OneDrive - Imperial College London\ME3\DMT\Coop-robolift\Arduino\Build/core\core.a(SERCOM.cpp.o)
                0x00002b6c                SERCOM::initUART(SercomUartMode, SercomUartSampleRate, unsigned long)
 .text._ZN4UartcvbEv
                0x00002bd8        0x4 c:\Users\Alex\OneDrive - Imperial College London\ME3\DMT\Coop-robolift\Arduino\Build/core\core.a(Uart.cpp.o)
                0x00002bd8                Uart::operator bool()
 .text._ZN4Uart5beginEm
                0x00002bdc       0x10 c:\Users\Alex\OneDrive - Imperial College London\ME3\DMT\Coop-robolift\Arduino\Build/core\core.a(Uart.cpp.o)
                0x00002bdc                Uart::begin(unsigned long)
 .text._ZN4Uart3endEv
                0x00002bec       0x14 c:\Users\Alex\OneDrive - Imperial College London\ME3\DMT\Coop-robolift\Arduino\Build/core\core.a(Uart.cpp.o)
                0x00002bec                Uart::end()
 .text._ZN4Uart5flushEv
                0x00002c00        0xa c:\Users\Alex\OneDrive - Imperial College London\ME3\DMT\Coop-robolift\Arduino\Build/core\core.a(Uart.cpp.o)
                0x00002c00                Uart::flush()
 .text._ZN4Uart9availableEv
                0x00002c0a        0xa c:\Users\Alex\OneDrive - Imperial College London\ME3\DMT\Coop-robolift\Arduino\Build/core\core.a(Uart.cpp.o)
                0x00002c0a                Uart::available()
 .text._ZN4Uart4peekEv
                0x00002c14        0xa c:\Users\Alex\OneDrive - Imperial College London\ME3\DMT\Coop-robolift\Arduino\Build/core\core.a(Uart.cpp.o)
                0x00002c14                Uart::peek()
 .text._ZN4Uart4readEv
                0x00002c1e        0xa c:\Users\Alex\OneDrive - Imperial College London\ME3\DMT\Coop-robolift\Arduino\Build/core\core.a(Uart.cpp.o)
                0x00002c1e                Uart::read()
 .text._ZN4Uart5writeEh
                0x00002c28        0xc c:\Users\Alex\OneDrive - Imperial College London\ME3\DMT\Coop-robolift\Arduino\Build/core\core.a(Uart.cpp.o)
                0x00002c28                Uart::write(unsigned char)
 .text._ZN4UartC2EP6SERCOMhh11SercomRXPad15SercomUartTXPad
                0x00002c34       0x48 c:\Users\Alex\OneDrive - Imperial College London\ME3\DMT\Coop-robolift\Arduino\Build/core\core.a(Uart.cpp.o)
                0x00002c34                Uart::Uart(SERCOM*, unsigned char, unsigned char, SercomRXPad, SercomUartTXPad)
                0x00002c34                Uart::Uart(SERCOM*, unsigned char, unsigned char, SercomRXPad, SercomUartTXPad)
 .text._ZN4Uart10IrqHandlerEv
                0x00002c7c       0x36 c:\Users\Alex\OneDrive - Imperial College London\ME3\DMT\Coop-robolift\Arduino\Build/core\core.a(Uart.cpp.o)
                0x00002c7c                Uart::IrqHandler()
 .text._ZN4Uart16extractNbStopBitEt
                0x00002cb2        0xe c:\Users\Alex\OneDrive - Imperial College London\ME3\DMT\Coop-robolift\Arduino\Build/core\core.a(Uart.cpp.o)
                0x00002cb2                Uart::extractNbStopBit(unsigned short)
 .text._ZN4Uart15extractCharSizeEt
                0x00002cc0       0x2c c:\Users\Alex\OneDrive - Imperial College London\ME3\DMT\Coop-robolift\Arduino\Build/core\core.a(Uart.cpp.o)
                0x00002cc0                Uart::extractCharSize(unsigned short)
 .text._ZN4Uart13extractParityEt
                0x00002cec       0x18 c:\Users\Alex\OneDrive - Imperial College London\ME3\DMT\Coop-robolift\Arduino\Build/core\core.a(Uart.cpp.o)
                0x00002cec                Uart::extractParity(unsigned short)
 .text._ZN4Uart5beginEmt
                0x00002d04       0x88 c:\Users\Alex\OneDrive - Imperial College London\ME3\DMT\Coop-robolift\Arduino\Build/core\core.a(Uart.cpp.o)
                0x00002d04                Uart::begin(unsigned long, unsigned short)
 .text._Z11initVariantv
                0x00002d8c        0x2 c:\Users\Alex\OneDrive - Imperial College London\ME3\DMT\Coop-robolift\Arduino\Build/core\core.a(main.cpp.o)
                0x00002d8c                initVariant()
 *fill*         0x00002d8e        0x2 
 .text.startup.main
                0x00002d90       0x40 c:\Users\Alex\OneDrive - Imperial College London\ME3\DMT\Coop-robolift\Arduino\Build/core\core.a(main.cpp.o)
                0x00002d90                main
 .text._ZN14USBDeviceClass6initEPEmm.part.4
                0x00002dd0       0x80 c:\Users\Alex\OneDrive - Imperial College London\ME3\DMT\Coop-robolift\Arduino\Build/core\core.a(USBCore.cpp.o)
 .text._ZN20USBDevice_SAMD21G18x5resetEv
                0x00002e50       0x28 c:\Users\Alex\OneDrive - Imperial College London\ME3\DMT\Coop-robolift\Arduino\Build/core\core.a(USBCore.cpp.o)
                0x00002e50                USBDevice_SAMD21G18x::reset()
 .text._ZN20USBDevice_SAMD21G18x9calibrateEv
                0x00002e78       0x5c c:\Users\Alex\OneDrive - Imperial College London\ME3\DMT\Coop-robolift\Arduino\Build/core\core.a(USBCore.cpp.o)
                0x00002e78                USBDevice_SAMD21G18x::calibrate()
 .text._ZN7__GuardC2Ev
                0x00002ed4        0xe c:\Users\Alex\OneDrive - Imperial College London\ME3\DMT\Coop-robolift\Arduino\Build/core\core.a(USBCore.cpp.o)
                0x00002ed4                __Guard::__Guard()
                0x00002ed4                __Guard::__Guard()
 .text._ZN7__GuardD2Ev
                0x00002ee2        0xe c:\Users\Alex\OneDrive - Imperial College London\ME3\DMT\Coop-robolift\Arduino\Build/core\core.a(USBCore.cpp.o)
                0x00002ee2                __Guard::~__Guard()
                0x00002ee2                __Guard::~__Guard()
 .text._ZNK26DoubleBufferedEPOutHandler9availableEv
                0x00002ef0       0x5e c:\Users\Alex\OneDrive - Imperial College London\ME3\DMT\Coop-robolift\Arduino\Build/core\core.a(USBCore.cpp.o)
                0x00002ef0                DoubleBufferedEPOutHandler::available() const
 *fill*         0x00002f4e        0x2 
 .text._ZN26DoubleBufferedEPOutHandler7releaseEv
                0x00002f50       0x58 c:\Users\Alex\OneDrive - Imperial College London\ME3\DMT\Coop-robolift\Arduino\Build/core\core.a(USBCore.cpp.o)
                0x00002f50                DoubleBufferedEPOutHandler::release()
 .text._ZN26DoubleBufferedEPOutHandler4recvEPvm
                0x00002fa8      0x11c c:\Users\Alex\OneDrive - Imperial College London\ME3\DMT\Coop-robolift\Arduino\Build/core\core.a(USBCore.cpp.o)
                0x00002fa8                DoubleBufferedEPOutHandler::recv(void*, unsigned long)
 .text._ZN26DoubleBufferedEPOutHandler14handleEndpointEv
                0x000030c4       0xc4 c:\Users\Alex\OneDrive - Imperial College London\ME3\DMT\Coop-robolift\Arduino\Build/core\core.a(USBCore.cpp.o)
                0x000030c4                DoubleBufferedEPOutHandler::handleEndpoint()
 .text._ZN14USBDeviceClass14SendInterfacesEPm
                0x00003188       0x2c c:\Users\Alex\OneDrive - Imperial College London\ME3\DMT\Coop-robolift\Arduino\Build/core\core.a(USBCore.cpp.o)
                0x00003188                USBDeviceClass::SendInterfaces(unsigned long*)
 .text._ZN14USBDeviceClass14handleEndpointEh
                0x000031b4       0x40 c:\Users\Alex\OneDrive - Imperial College London\ME3\DMT\Coop-robolift\Arduino\Build/core\core.a(USBCore.cpp.o)
                0x000031b4                USBDeviceClass::handleEndpoint(unsigned char)
 .text._ZN14USBDeviceClass4initEv
                0x000031f4       0xf0 c:\Users\Alex\OneDrive - Imperial College London\ME3\DMT\Coop-robolift\Arduino\Build/core\core.a(USBCore.cpp.o)
                0x000031f4                USBDeviceClass::init()
 .text._ZN14USBDeviceClass6attachEv
                0x000032e4       0x34 c:\Users\Alex\OneDrive - Imperial College London\ME3\DMT\Coop-robolift\Arduino\Build/core\core.a(USBCore.cpp.o)
                0x000032e4                USBDeviceClass::attach()
 .text._ZN14USBDeviceClass10setAddressEm
                0x00003318       0x48 c:\Users\Alex\OneDrive - Imperial College London\ME3\DMT\Coop-robolift\Arduino\Build/core\core.a(USBCore.cpp.o)
                0x00003318                USBDeviceClass::setAddress(unsigned long)
 .text._ZN14USBDeviceClass25handleClassInterfaceSetupER8USBSetup
                0x00003360       0x40 c:\Users\Alex\OneDrive - Imperial College London\ME3\DMT\Coop-robolift\Arduino\Build/core\core.a(USBCore.cpp.o)
                0x00003360                USBDeviceClass::handleClassInterfaceSetup(USBSetup&)
 .text._ZN14USBDeviceClass6initEPEmm
                0x000033a0      0x128 c:\Users\Alex\OneDrive - Imperial College London\ME3\DMT\Coop-robolift\Arduino\Build/core\core.a(USBCore.cpp.o)
                0x000033a0                USBDeviceClass::initEP(unsigned long, unsigned long)
 .text._ZN14USBDeviceClass13initEndpointsEv
                0x000034c8       0x24 c:\Users\Alex\OneDrive - Imperial College London\ME3\DMT\Coop-robolift\Arduino\Build/core\core.a(USBCore.cpp.o)
                0x000034c8                USBDeviceClass::initEndpoints()
 .text._ZN14USBDeviceClass9availableEm
                0x000034ec       0x2c c:\Users\Alex\OneDrive - Imperial College London\ME3\DMT\Coop-robolift\Arduino\Build/core\core.a(USBCore.cpp.o)
                0x000034ec                USBDeviceClass::available(unsigned long)
 .text._ZN14USBDeviceClass5flushEm
                0x00003518       0x2c c:\Users\Alex\OneDrive - Imperial College London\ME3\DMT\Coop-robolift\Arduino\Build/core\core.a(USBCore.cpp.o)
                0x00003518                USBDeviceClass::flush(unsigned long)
 .text._ZN14USBDeviceClass14armRecvCtrlOUTEm
                0x00003544       0x60 c:\Users\Alex\OneDrive - Imperial College London\ME3\DMT\Coop-robolift\Arduino\Build/core\core.a(USBCore.cpp.o)
                0x00003544                USBDeviceClass::armRecvCtrlOUT(unsigned long)
 .text._ZN14USBDeviceClass11recvControlEPvm
                0x000035a4       0x3c c:\Users\Alex\OneDrive - Imperial College London\ME3\DMT\Coop-robolift\Arduino\Build/core\core.a(USBCore.cpp.o)
                0x000035a4                USBDeviceClass::recvControl(void*, unsigned long)
 .text._ZN14USBDeviceClass7armRecvEm
                0x000035e0       0x3c c:\Users\Alex\OneDrive - Imperial College London\ME3\DMT\Coop-robolift\Arduino\Build/core\core.a(USBCore.cpp.o)
                0x000035e0                USBDeviceClass::armRecv(unsigned long)
 .text._ZN14USBDeviceClass4recvEmPvm
                0x0000361c       0xd8 c:\Users\Alex\OneDrive - Imperial College London\ME3\DMT\Coop-robolift\Arduino\Build/core\core.a(USBCore.cpp.o)
                0x0000361c                USBDeviceClass::recv(unsigned long, void*, unsigned long)
 .text._ZN14USBDeviceClass4recvEm
                0x000036f4       0x1c c:\Users\Alex\OneDrive - Imperial College London\ME3\DMT\Coop-robolift\Arduino\Build/core\core.a(USBCore.cpp.o)
                0x000036f4                USBDeviceClass::recv(unsigned long)
 .text._ZN14USBDeviceClass4sendEmPKvm
                0x00003710      0x124 c:\Users\Alex\OneDrive - Imperial College London\ME3\DMT\Coop-robolift\Arduino\Build/core\core.a(USBCore.cpp.o)
                0x00003710                USBDeviceClass::send(unsigned long, void const*, unsigned long)
 .text._ZN14USBDeviceClass7armSendEmPKvm
                0x00003834       0x48 c:\Users\Alex\OneDrive - Imperial College London\ME3\DMT\Coop-robolift\Arduino\Build/core\core.a(USBCore.cpp.o)
                0x00003834                USBDeviceClass::armSend(unsigned long, void const*, unsigned long)
 .text._ZN14USBDeviceClass11sendControlEPKvm
                0x0000387c       0x58 c:\Users\Alex\OneDrive - Imperial College London\ME3\DMT\Coop-robolift\Arduino\Build/core\core.a(USBCore.cpp.o)
                0x0000387c                USBDeviceClass::sendControl(void const*, unsigned long)
 .text._ZN14USBDeviceClass20sendStringDescriptorEPKhh
                0x000038d4       0x68 c:\Users\Alex\OneDrive - Imperial College London\ME3\DMT\Coop-robolift\Arduino\Build/core\core.a(USBCore.cpp.o)
                0x000038d4                USBDeviceClass::sendStringDescriptor(unsigned char const*, unsigned char)
 .text._ZN14USBDeviceClass12packMessagesEb.part.6
                0x0000393c       0x20 c:\Users\Alex\OneDrive - Imperial College London\ME3\DMT\Coop-robolift\Arduino\Build/core\core.a(USBCore.cpp.o)
 .text._ZN14USBDeviceClass17sendConfigurationEm
                0x0000395c       0x90 c:\Users\Alex\OneDrive - Imperial College London\ME3\DMT\Coop-robolift\Arduino\Build/core\core.a(USBCore.cpp.o)
                0x0000395c                USBDeviceClass::sendConfiguration(unsigned long)
 .text._ZN14USBDeviceClass14sendDescriptorER8USBSetup
                0x000039ec       0xb4 c:\Users\Alex\OneDrive - Imperial College London\ME3\DMT\Coop-robolift\Arduino\Build/core\core.a(USBCore.cpp.o)
                0x000039ec                USBDeviceClass::sendDescriptor(USBSetup&)
 .text._ZN14USBDeviceClass19handleStandardSetupER8USBSetup
                0x00003aa0      0x118 c:\Users\Alex\OneDrive - Imperial College London\ME3\DMT\Coop-robolift\Arduino\Build/core\core.a(USBCore.cpp.o)
                0x00003aa0                USBDeviceClass::handleStandardSetup(USBSetup&)
 .text._ZN14USBDeviceClass10ISRHandlerEv
                0x00003bb8      0x150 c:\Users\Alex\OneDrive - Imperial College London\ME3\DMT\Coop-robolift\Arduino\Build/core\core.a(USBCore.cpp.o)
                0x00003bb8                USBDeviceClass::ISRHandler()
 .text.UDD_Handler
                0x00003d08       0x10 c:\Users\Alex\OneDrive - Imperial College London\ME3\DMT\Coop-robolift\Arduino\Build/core\core.a(USBCore.cpp.o)
                0x00003d08                UDD_Handler
 .text.startup._GLOBAL__sub_I__ZN20USBDevice_SAMD21G18x5resetEv
                0x00003d18       0x10 c:\Users\Alex\OneDrive - Imperial College London\ME3\DMT\Coop-robolift\Arduino\Build/core\core.a(USBCore.cpp.o)
 .text._ZN5Print5writeEPKhj
                0x00003d28       0x28 c:\Users\Alex\OneDrive - Imperial College London\ME3\DMT\Coop-robolift\Arduino\Build/core\core.a(Print.cpp.o)
                0x00003d28                Print::write(unsigned char const*, unsigned int)
 .text._ZN10RingBufferC2Ev
                0x00003d50       0x1a c:\Users\Alex\OneDrive - Imperial College London\ME3\DMT\Coop-robolift\Arduino\Build/core\core.a(RingBuffer.cpp.o)
                0x00003d50                RingBuffer::RingBuffer()
                0x00003d50                RingBuffer::RingBuffer()
 .text._ZN10RingBuffer10store_charEh
                0x00003d6a       0x24 c:\Users\Alex\OneDrive - Imperial College London\ME3\DMT\Coop-robolift\Arduino\Build/core\core.a(RingBuffer.cpp.o)
                0x00003d6a                RingBuffer::store_char(unsigned char)
 .text._ZN10RingBuffer5clearEv
                0x00003d8e        0xe c:\Users\Alex\OneDrive - Imperial College London\ME3\DMT\Coop-robolift\Arduino\Build/core\core.a(RingBuffer.cpp.o)
                0x00003d8e                RingBuffer::clear()
 .text._ZN10RingBuffer9read_charEv
                0x00003d9c       0x28 c:\Users\Alex\OneDrive - Imperial College London\ME3\DMT\Coop-robolift\Arduino\Build/core\core.a(RingBuffer.cpp.o)
                0x00003d9c                RingBuffer::read_char()
 .text._ZN10RingBuffer9availableEv
                0x00003dc4       0x12 c:\Users\Alex\OneDrive - Imperial College London\ME3\DMT\Coop-robolift\Arduino\Build/core\core.a(RingBuffer.cpp.o)
                0x00003dc4                RingBuffer::available()
 .text._ZN10RingBuffer4peekEv
                0x00003dd6       0x1a c:\Users\Alex\OneDrive - Imperial College London\ME3\DMT\Coop-robolift\Arduino\Build/core\core.a(RingBuffer.cpp.o)
                0x00003dd6                RingBuffer::peek()
 .text._Znwj    0x00003df0        0x8 c:\Users\Alex\OneDrive - Imperial College London\ME3\DMT\Coop-robolift\Arduino\Build/core\core.a(new.cpp.o)
                0x00003df0                operator new(unsigned int)
 .text._ZN7Serial_17availableForWriteEv
                0x00003df8        0x4 c:\Users\Alex\OneDrive - Imperial College London\ME3\DMT\Coop-robolift\Arduino\Build/core\core.a(CDC.cpp.o)
                0x00003df8                Serial_::availableForWrite()
 .text._ZN7Serial_5writeEh
                0x00003dfc       0x14 c:\Users\Alex\OneDrive - Imperial College London\ME3\DMT\Coop-robolift\Arduino\Build/core\core.a(CDC.cpp.o)
                0x00003dfc                Serial_::write(unsigned char)
 .text._ZN7Serial_9availableEv
                0x00003e10        0xc c:\Users\Alex\OneDrive - Imperial College London\ME3\DMT\Coop-robolift\Arduino\Build/core\core.a(CDC.cpp.o)
                0x00003e10                Serial_::available()
 .text._ZN7Serial_5flushEv
                0x00003e1c        0xc c:\Users\Alex\OneDrive - Imperial College London\ME3\DMT\Coop-robolift\Arduino\Build/core\core.a(CDC.cpp.o)
                0x00003e1c                Serial_::flush()
 .text._ZN7Serial_5writeEPKhj
                0x00003e28       0x1c c:\Users\Alex\OneDrive - Imperial College London\ME3\DMT\Coop-robolift\Arduino\Build/core\core.a(CDC.cpp.o)
                0x00003e28                Serial_::write(unsigned char const*, unsigned int)
 .text._ZN7Serial_4peekEv
                0x00003e44       0x1c c:\Users\Alex\OneDrive - Imperial College London\ME3\DMT\Coop-robolift\Arduino\Build/core\core.a(CDC.cpp.o)
                0x00003e44                Serial_::peek()
 .text._ZN7Serial_4readEv
                0x00003e60       0x24 c:\Users\Alex\OneDrive - Imperial College London\ME3\DMT\Coop-robolift\Arduino\Build/core\core.a(CDC.cpp.o)
                0x00003e60                Serial_::read()
 .text._Z16CDC_GetInterfacePh
                0x00003e84       0x1c c:\Users\Alex\OneDrive - Imperial College London\ME3\DMT\Coop-robolift\Arduino\Build/core\core.a(CDC.cpp.o)
                0x00003e84                CDC_GetInterface(unsigned char*)
 .text._Z9CDC_SetupR8USBSetup
                0x00003ea0       0x80 c:\Users\Alex\OneDrive - Imperial College London\ME3\DMT\Coop-robolift\Arduino\Build/core\core.a(CDC.cpp.o)
                0x00003ea0                CDC_Setup(USBSetup&)
 .text.startup._GLOBAL__sub_I__Z17_CDC_GetInterfacev
                0x00003f20       0x28 c:\Users\Alex\OneDrive - Imperial College London\ME3\DMT\Coop-robolift\Arduino\Build/core\core.a(CDC.cpp.o)
 .text._ZN13PluggableUSB_12getInterfaceEPh
                0x00003f48       0x2a c:\Users\Alex\OneDrive - Imperial College London\ME3\DMT\Coop-robolift\Arduino\Build/core\core.a(PluggableUSB.cpp.o)
                0x00003f48                PluggableUSB_::getInterface(unsigned char*)
 .text._ZN13PluggableUSB_13getDescriptorER8USBSetup
                0x00003f72       0x20 c:\Users\Alex\OneDrive - Imperial College London\ME3\DMT\Coop-robolift\Arduino\Build/core\core.a(PluggableUSB.cpp.o)
                0x00003f72                PluggableUSB_::getDescriptor(USBSetup&)
 .text._ZN13PluggableUSB_12getShortNameEPc
                0x00003f92       0x1e c:\Users\Alex\OneDrive - Imperial College London\ME3\DMT\Coop-robolift\Arduino\Build/core\core.a(PluggableUSB.cpp.o)
                0x00003f92                PluggableUSB_::getShortName(char*)
 .text._ZN13PluggableUSB_5setupER8USBSetup
                0x00003fb0       0x24 c:\Users\Alex\OneDrive - Imperial College London\ME3\DMT\Coop-robolift\Arduino\Build/core\core.a(PluggableUSB.cpp.o)
                0x00003fb0                PluggableUSB_::setup(USBSetup&)
 .text._Z12PluggableUSBv
                0x00003fd4       0x24 c:\Users\Alex\OneDrive - Imperial College London\ME3\DMT\Coop-robolift\Arduino\Build/core\core.a(PluggableUSB.cpp.o)
                0x00003fd4                PluggableUSB()
 .text          0x00003ff8       0x14 c:/users/alex/appdata/local/arduino15/packages/arduino/tools/arm-none-eabi-gcc/4.8.3-2014q1/bin/../lib/gcc/arm-none-eabi/4.8.3/armv6-m\libgcc.a(_thumb1_case_uqi.o)
                0x00003ff8                __gnu_thumb1_case_uqi
 .text          0x0000400c       0x9c c:/users/alex/appdata/local/arduino15/packages/arduino/tools/arm-none-eabi-gcc/4.8.3-2014q1/bin/../lib/gcc/arm-none-eabi/4.8.3/armv6-m\libgcc.a(_udivsi3.o)
                0x0000400c                __aeabi_uidiv
                0x0000400c                __udivsi3
                0x00004094                __aeabi_uidivmod
 .text          0x000040a8        0x4 c:/users/alex/appdata/local/arduino15/packages/arduino/tools/arm-none-eabi-gcc/4.8.3-2014q1/bin/../lib/gcc/arm-none-eabi/4.8.3/armv6-m\libgcc.a(_dvmd_tls.o)
                0x000040a8                __aeabi_idiv0
                0x000040a8                __aeabi_ldiv0
 .text.__libc_init_array
                0x000040ac       0x4c c:/users/alex/appdata/local/arduino15/packages/arduino/tools/arm-none-eabi-gcc/4.8.3-2014q1/bin/../lib/gcc/arm-none-eabi/4.8.3/../../../../arm-none-eabi/lib/armv6-m\libc_s.a(lib_a-init.o)
                0x000040ac                __libc_init_array
 .text.malloc   0x000040f8       0x14 c:/users/alex/appdata/local/arduino15/packages/arduino/tools/arm-none-eabi-gcc/4.8.3-2014q1/bin/../lib/gcc/arm-none-eabi/4.8.3/../../../../arm-none-eabi/lib/armv6-m\libc_s.a(lib_a-malloc.o)
                0x000040f8                malloc
 .text.memcpy   0x0000410c       0x12 c:/users/alex/appdata/local/arduino15/packages/arduino/tools/arm-none-eabi-gcc/4.8.3-2014q1/bin/../lib/gcc/arm-none-eabi/4.8.3/../../../../arm-none-eabi/lib/armv6-m\libc_s.a(lib_a-memcpy-stub.o)
                0x0000410c                memcpy
 .text.memset   0x0000411e       0x10 c:/users/alex/appdata/local/arduino15/packages/arduino/tools/arm-none-eabi-gcc/4.8.3-2014q1/bin/../lib/gcc/arm-none-eabi/4.8.3/../../../../arm-none-eabi/lib/armv6-m\libc_s.a(lib_a-memset.o)
                0x0000411e                memset
 *fill*         0x0000412e        0x2 
 .text._malloc_r
                0x00004130       0xa8 c:/users/alex/appdata/local/arduino15/packages/arduino/tools/arm-none-eabi-gcc/4.8.3-2014q1/bin/../lib/gcc/arm-none-eabi/4.8.3/../../../../arm-none-eabi/lib/armv6-m\libc_s.a(lib_a-nano-mallocr.o)
                0x00004130                _malloc_r
 .text._sbrk_r  0x000041d8       0x24 c:/users/alex/appdata/local/arduino15/packages/arduino/tools/arm-none-eabi-gcc/4.8.3-2014q1/bin/../lib/gcc/arm-none-eabi/4.8.3/../../../../arm-none-eabi/lib/armv6-m\libc_s.a(lib_a-sbrkr.o)
                0x000041d8                _sbrk_r
 .text.strlen   0x000041fc        0xe c:/users/alex/appdata/local/arduino15/packages/arduino/tools/arm-none-eabi-gcc/4.8.3-2014q1/bin/../lib/gcc/arm-none-eabi/4.8.3/../../../../arm-none-eabi/lib/armv6-m\libc_s.a(lib_a-strlen.o)
                0x000041fc                strlen
 *fill*         0x0000420a        0x2 
 .text._sbrk    0x0000420c       0x34 c:/users/alex/appdata/local/arduino15/packages/arduino/tools/arm-none-eabi-gcc/4.8.3-2014q1/bin/../lib/gcc/arm-none-eabi/4.8.3/../../../../arm-none-eabi/lib/armv6-m\libnosys.a(sbrk.o)
                0x0000420c                _sbrk
 *(.init)
 .init          0x00004240        0x4 c:/users/alex/appdata/local/arduino15/packages/arduino/tools/arm-none-eabi-gcc/4.8.3-2014q1/bin/../lib/gcc/arm-none-eabi/4.8.3/armv6-m/crti.o
                0x00004240                _init
 .init          0x00004244        0x8 c:/users/alex/appdata/local/arduino15/packages/arduino/tools/arm-none-eabi-gcc/4.8.3-2014q1/bin/../lib/gcc/arm-none-eabi/4.8.3/armv6-m/crtn.o
 *(.fini)
 .fini          0x0000424c        0x4 c:/users/alex/appdata/local/arduino15/packages/arduino/tools/arm-none-eabi-gcc/4.8.3-2014q1/bin/../lib/gcc/arm-none-eabi/4.8.3/armv6-m/crti.o
                0x0000424c                _fini
 .fini          0x00004250        0x8 c:/users/alex/appdata/local/arduino15/packages/arduino/tools/arm-none-eabi-gcc/4.8.3-2014q1/bin/../lib/gcc/arm-none-eabi/4.8.3/armv6-m/crtn.o
 *crtbegin.o(.ctors)
 *crtbegin?.o(.ctors)
 *(EXCLUDE_FILE(*crtend.o *crtend?.o) .ctors)
 *(SORT(.ctors.*))
 *(.ctors)
 *crtbegin.o(.dtors)
 *crtbegin?.o(.dtors)
 *(EXCLUDE_FILE(*crtend.o *crtend?.o) .dtors)
 *(SORT(.dtors.*))
 *(.dtors)
 *(.rodata*)
 .rodata.g_APinDescription
                0x00004258      0x450 c:\Users\Alex\OneDrive - Imperial College London\ME3\DMT\Coop-robolift\Arduino\Build\core\variant.cpp.o
                0x00004258                g_APinDescription
 .rodata        0x000046a8       0x10 c:\Users\Alex\OneDrive - Imperial College London\ME3\DMT\Coop-robolift\Arduino\Build/core\core.a(wiring_analog.c.o)
 .rodata._ZTV4Uart
                0x000046b8       0x30 c:\Users\Alex\OneDrive - Imperial College London\ME3\DMT\Coop-robolift\Arduino\Build/core\core.a(Uart.cpp.o)
                0x000046b8                vtable for Uart
 .rodata._ZTV26DoubleBufferedEPOutHandler
                0x000046e8       0x18 c:\Users\Alex\OneDrive - Imperial College London\ME3\DMT\Coop-robolift\Arduino\Build/core\core.a(USBCore.cpp.o)
                0x000046e8                vtable for DoubleBufferedEPOutHandler
 .rodata._ZL19STRING_MANUFACTURER
                0x00004700        0x9 c:\Users\Alex\OneDrive - Imperial College London\ME3\DMT\Coop-robolift\Arduino\Build/core\core.a(USBCore.cpp.o)
 *fill*         0x00004709        0x1 
 .rodata._ZL15STRING_LANGUAGE
                0x0000470a        0x4 c:\Users\Alex\OneDrive - Imperial College London\ME3\DMT\Coop-robolift\Arduino\Build/core\core.a(USBCore.cpp.o)
 .rodata._ZL21USB_DeviceDescriptorB
                0x0000470e       0x12 c:\Users\Alex\OneDrive - Imperial College London\ME3\DMT\Coop-robolift\Arduino\Build/core\core.a(USBCore.cpp.o)
 .rodata._ZL14STRING_PRODUCT
                0x00004720        0xb c:\Users\Alex\OneDrive - Imperial College London\ME3\DMT\Coop-robolift\Arduino\Build/core\core.a(USBCore.cpp.o)
 *fill*         0x0000472b        0x5 
 .rodata._ZTV7Serial_
                0x00004730       0x28 c:\Users\Alex\OneDrive - Imperial College London\ME3\DMT\Coop-robolift\Arduino\Build/core\core.a(CDC.cpp.o)
                0x00004730                vtable for Serial_
 .rodata.str1.1
                0x00004758        0x2 c:/users/alex/appdata/local/arduino15/packages/arduino/tools/arm-none-eabi-gcc/4.8.3-2014q1/bin/../lib/gcc/arm-none-eabi/4.8.3/../../../../arm-none-eabi/lib/armv6-m\libc_s.a(lib_a-impure.o)
 *(.eh_frame*)
 *fill*         0x0000475a        0x2 
 .eh_frame      0x0000475c        0x0 c:/users/alex/appdata/local/arduino15/packages/arduino/tools/arm-none-eabi-gcc/4.8.3-2014q1/bin/../lib/gcc/arm-none-eabi/4.8.3/armv6-m/crtbegin.o
 .eh_frame      0x0000475c        0x4 c:/users/alex/appdata/local/arduino15/packages/arduino/tools/arm-none-eabi-gcc/4.8.3-2014q1/bin/../lib/gcc/arm-none-eabi/4.8.3/armv6-m/crtend.o

.glue_7         0x00004760        0x0
 .glue_7        0x00000000        0x0 linker stubs

.glue_7t        0x00004760        0x0
 .glue_7t       0x00000000        0x0 linker stubs

.vfp11_veneer   0x00004760        0x0
 .vfp11_veneer  0x00000000        0x0 linker stubs

.v4_bx          0x00004760        0x0
 .v4_bx         0x00000000        0x0 linker stubs

.iplt           0x00004760        0x0
 .iplt          0x00000000        0x0 c:/users/alex/appdata/local/arduino15/packages/arduino/tools/arm-none-eabi-gcc/4.8.3-2014q1/bin/../lib/gcc/arm-none-eabi/4.8.3/armv6-m/crtbegin.o

.rel.dyn        0x00004760        0x0
 .rel.iplt      0x00000000        0x0 c:/users/alex/appdata/local/arduino15/packages/arduino/tools/arm-none-eabi-gcc/4.8.3-2014q1/bin/../lib/gcc/arm-none-eabi/4.8.3/armv6-m/crtbegin.o

.ARM.extab
 *(.ARM.extab* .gnu.linkonce.armextab.*)
                0x00004760                __exidx_start = .

.ARM.exidx
 *(.ARM.exidx* .gnu.linkonce.armexidx.*)
                0x00004760                __exidx_end = .
                0x00004760                __etext = .

.data           0x20000000      0x120 load address 0x00004760
                0x20000000                __data_start__ = .
 *(vtable)
 *(.data*)
 .data.g_apTCInstances
                0x20000000       0x18 c:\Users\Alex\OneDrive - Imperial College London\ME3\DMT\Coop-robolift\Arduino\Build\core\variant.cpp.o
                0x20000000                g_apTCInstances
 .data.SystemCoreClock
                0x20000018        0x4 c:\Users\Alex\OneDrive - Imperial College London\ME3\DMT\Coop-robolift\Arduino\Build/core\core.a(wiring.c.o)
                0x20000018                SystemCoreClock
 .data._writeResolution
                0x2000001c        0x4 c:\Users\Alex\OneDrive - Imperial College London\ME3\DMT\Coop-robolift\Arduino\Build/core\core.a(wiring_analog.c.o)
 .data._ZL5ticks
                0x20000020        0x4 c:\Users\Alex\OneDrive - Imperial College London\ME3\DMT\Coop-robolift\Arduino\Build/core\core.a(Reset.cpp.o)
 .data.EndPoints
                0x20000024       0x28 c:\Users\Alex\OneDrive - Imperial College London\ME3\DMT\Coop-robolift\Arduino\Build/core\core.a(USBCore.cpp.o)
                0x20000024                EndPoints
 .data._ZL12_usbLineInfo
                0x2000004c        0x8 c:\Users\Alex\OneDrive - Imperial College London\ME3\DMT\Coop-robolift\Arduino\Build/core\core.a(CDC.cpp.o)
 .data._ZL10breakValue
                0x20000054        0x4 c:\Users\Alex\OneDrive - Imperial College London\ME3\DMT\Coop-robolift\Arduino\Build/core\core.a(CDC.cpp.o)
 .data._ZL13_cdcInterface
                0x20000058       0x42 c:\Users\Alex\OneDrive - Imperial College London\ME3\DMT\Coop-robolift\Arduino\Build/core\core.a(CDC.cpp.o)
 *fill*         0x2000009a        0x2 
 .data._serialPeek
                0x2000009c        0x4 c:\Users\Alex\OneDrive - Imperial College London\ME3\DMT\Coop-robolift\Arduino\Build/core\core.a(CDC.cpp.o)
                0x2000009c                _serialPeek
 .data.impure_data
                0x200000a0       0x60 c:/users/alex/appdata/local/arduino15/packages/arduino/tools/arm-none-eabi-gcc/4.8.3-2014q1/bin/../lib/gcc/arm-none-eabi/4.8.3/../../../../arm-none-eabi/lib/armv6-m\libc_s.a(lib_a-impure.o)
 .data._impure_ptr
                0x20000100        0x4 c:/users/alex/appdata/local/arduino15/packages/arduino/tools/arm-none-eabi-gcc/4.8.3-2014q1/bin/../lib/gcc/arm-none-eabi/4.8.3/../../../../arm-none-eabi/lib/armv6-m\libc_s.a(lib_a-impure.o)
                0x20000100                _impure_ptr
                0x20000104                . = ALIGN (0x4)
                0x20000104                PROVIDE (__preinit_array_start, .)
 *(.preinit_array)
                0x20000104                PROVIDE (__preinit_array_end, .)
                0x20000104                . = ALIGN (0x4)
                0x20000104                PROVIDE (__init_array_start, .)
 *(SORT(.init_array.*))
 *(.init_array)
 .init_array    0x20000104        0x4 c:/users/alex/appdata/local/arduino15/packages/arduino/tools/arm-none-eabi-gcc/4.8.3-2014q1/bin/../lib/gcc/arm-none-eabi/4.8.3/armv6-m/crtbegin.o
 .init_array    0x20000108        0x4 c:\Users\Alex\OneDrive - Imperial College London\ME3\DMT\Coop-robolift\Arduino\Build\core\variant.cpp.o
 .init_array    0x2000010c        0x4 c:\Users\Alex\OneDrive - Imperial College London\ME3\DMT\Coop-robolift\Arduino\Build/core\core.a(USBCore.cpp.o)
 .init_array    0x20000110        0x4 c:\Users\Alex\OneDrive - Imperial College London\ME3\DMT\Coop-robolift\Arduino\Build/core\core.a(CDC.cpp.o)
                0x20000114                PROVIDE (__init_array_end, .)
                0x20000114                . = ALIGN (0x4)
                0x20000114                PROVIDE (__fini_array_start, .)
 *(SORT(.fini_array.*))
 *(.fini_array)
 .fini_array    0x20000114        0x4 c:/users/alex/appdata/local/arduino15/packages/arduino/tools/arm-none-eabi-gcc/4.8.3-2014q1/bin/../lib/gcc/arm-none-eabi/4.8.3/armv6-m/crtbegin.o
                0x20000118                PROVIDE (__fini_array_end, .)
 *(.jcr*)
 .jcr           0x20000118        0x0 c:/users/alex/appdata/local/arduino15/packages/arduino/tools/arm-none-eabi-gcc/4.8.3-2014q1/bin/../lib/gcc/arm-none-eabi/4.8.3/armv6-m/crtbegin.o
 .jcr           0x20000118        0x4 c:/users/alex/appdata/local/arduino15/packages/arduino/tools/arm-none-eabi-gcc/4.8.3-2014q1/bin/../lib/gcc/arm-none-eabi/4.8.3/armv6-m/crtend.o
                0x20000120                . = ALIGN (0x10)
 *fill*         0x2000011c        0x4 
                0x20000120                __data_end__ = .

.igot.plt       0x20000120        0x0 load address 0x00004880
 .igot.plt      0x00000000        0x0 c:/users/alex/appdata/local/arduino15/packages/arduino/tools/arm-none-eabi-gcc/4.8.3-2014q1/bin/../lib/gcc/arm-none-eabi/4.8.3/armv6-m/crtbegin.o

.bss            0x20000120      0x7c4 load address 0x00004880
                0x20000120                . = ALIGN (0x4)
                0x20000120                __bss_start__ = .
 *(.bss*)
 .bss           0x20000120       0x1c c:/users/alex/appdata/local/arduino15/packages/arduino/tools/arm-none-eabi-gcc/4.8.3-2014q1/bin/../lib/gcc/arm-none-eabi/4.8.3/armv6-m/crtbegin.o
 .bss.Serial1   0x2000013c       0xc4 c:\Users\Alex\OneDrive - Imperial College London\ME3\DMT\Coop-robolift\Arduino\Build\core\variant.cpp.o
                0x2000013c                Serial1
 .bss.Serial5   0x20000200       0xc4 c:\Users\Alex\OneDrive - Imperial College London\ME3\DMT\Coop-robolift\Arduino\Build\core\variant.cpp.o
                0x20000200                Serial5
 .bss.sercom3   0x200002c4        0x4 c:\Users\Alex\OneDrive - Imperial College London\ME3\DMT\Coop-robolift\Arduino\Build\core\variant.cpp.o
                0x200002c4                sercom3
 .bss.sercom0   0x200002c8        0x4 c:\Users\Alex\OneDrive - Imperial College London\ME3\DMT\Coop-robolift\Arduino\Build\core\variant.cpp.o
                0x200002c8                sercom0
 .bss.sercom1   0x200002cc        0x4 c:\Users\Alex\OneDrive - Imperial College London\ME3\DMT\Coop-robolift\Arduino\Build\core\variant.cpp.o
                0x200002cc                sercom1
 .bss.sercom2   0x200002d0        0x4 c:\Users\Alex\OneDrive - Imperial College London\ME3\DMT\Coop-robolift\Arduino\Build\core\variant.cpp.o
                0x200002d0                sercom2
 .bss.sercom4   0x200002d4        0x4 c:\Users\Alex\OneDrive - Imperial College London\ME3\DMT\Coop-robolift\Arduino\Build\core\variant.cpp.o
                0x200002d4                sercom4
 .bss.sercom5   0x200002d8        0x4 c:\Users\Alex\OneDrive - Imperial College London\ME3\DMT\Coop-robolift\Arduino\Build\core\variant.cpp.o
                0x200002d8                sercom5
 .bss.usb_isr   0x200002dc        0x4 c:\Users\Alex\OneDrive - Imperial College London\ME3\DMT\Coop-robolift\Arduino\Build/core\core.a(cortex_handlers.c.o)
 .bss._ulTickCount
                0x200002e0        0x4 c:\Users\Alex\OneDrive - Imperial College London\ME3\DMT\Coop-robolift\Arduino\Build/core\core.a(delay.c.o)
 .bss.tcEnabled.12385
                0x200002e4        0x6 c:\Users\Alex\OneDrive - Imperial College London\ME3\DMT\Coop-robolift\Arduino\Build/core\core.a(wiring_analog.c.o)
 .bss._ZL14isEndpointHalt
                0x200002ea        0x1 c:\Users\Alex\OneDrive - Imperial College London\ME3\DMT\Coop-robolift\Arduino\Build/core\core.a(USBCore.cpp.o)
 .bss._pack_buffer
                0x200002eb      0x100 c:\Users\Alex\OneDrive - Imperial College London\ME3\DMT\Coop-robolift\Arduino\Build/core\core.a(USBCore.cpp.o)
                0x200002eb                _pack_buffer
 *fill*         0x200003eb        0x1 
 .bss._pack_size
                0x200003ec        0x2 c:\Users\Alex\OneDrive - Imperial College London\ME3\DMT\Coop-robolift\Arduino\Build/core\core.a(USBCore.cpp.o)
                0x200003ec                _pack_size
 .bss._ZL20LastTransmitTimedOut
                0x200003ee        0x7 c:\Users\Alex\OneDrive - Imperial College London\ME3\DMT\Coop-robolift\Arduino\Build/core\core.a(USBCore.cpp.o)
 *fill*         0x200003f5        0x3 
 .bss._ZL22udd_ep_in_cache_buffer
                0x200003f8      0x1c0 c:\Users\Alex\OneDrive - Imperial College London\ME3\DMT\Coop-robolift\Arduino\Build/core\core.a(USBCore.cpp.o)
 .bss._ZL10txLEDPulse
                0x200005b8        0x1 c:\Users\Alex\OneDrive - Imperial College London\ME3\DMT\Coop-robolift\Arduino\Build/core\core.a(USBCore.cpp.o)
 *fill*         0x200005b9        0x3 
 .bss._ZL23udd_ep_out_cache_buffer
                0x200005bc      0x1c0 c:\Users\Alex\OneDrive - Imperial College London\ME3\DMT\Coop-robolift\Arduino\Build/core\core.a(USBCore.cpp.o)
 .bss._ZL10epHandlers
                0x2000077c       0x1c c:\Users\Alex\OneDrive - Imperial College London\ME3\DMT\Coop-robolift\Arduino\Build/core\core.a(USBCore.cpp.o)
 .bss._pack_message
                0x20000798        0x1 c:\Users\Alex\OneDrive - Imperial College London\ME3\DMT\Coop-robolift\Arduino\Build/core\core.a(USBCore.cpp.o)
                0x20000798                _pack_message
 .bss._ZL21isRemoteWakeUpEnabled
                0x20000799        0x1 c:\Users\Alex\OneDrive - Imperial College London\ME3\DMT\Coop-robolift\Arduino\Build/core\core.a(USBCore.cpp.o)
 .bss._dry_run  0x2000079a        0x1 c:\Users\Alex\OneDrive - Imperial College London\ME3\DMT\Coop-robolift\Arduino\Build/core\core.a(USBCore.cpp.o)
                0x2000079a                _dry_run
 .bss.USBDevice
                0x2000079b        0x1 c:\Users\Alex\OneDrive - Imperial College London\ME3\DMT\Coop-robolift\Arduino\Build/core\core.a(USBCore.cpp.o)
                0x2000079b                USBDevice
 .bss._usbSetInterface
                0x2000079c        0x4 c:\Users\Alex\OneDrive - Imperial College London\ME3\DMT\Coop-robolift\Arduino\Build/core\core.a(USBCore.cpp.o)
                0x2000079c                _usbSetInterface
 .bss._ZL10rxLEDPulse
                0x200007a0        0x1 c:\Users\Alex\OneDrive - Imperial College London\ME3\DMT\Coop-robolift\Arduino\Build/core\core.a(USBCore.cpp.o)
 *fill*         0x200007a1        0x3 
 .bss.usbd      0x200007a4      0x104 c:\Users\Alex\OneDrive - Imperial College London\ME3\DMT\Coop-robolift\Arduino\Build/core\core.a(USBCore.cpp.o)
                0x200007a4                usbd
 .bss._usbConfiguration
                0x200008a8        0x4 c:\Users\Alex\OneDrive - Imperial College London\ME3\DMT\Coop-robolift\Arduino\Build/core\core.a(USBCore.cpp.o)
                0x200008a8                _usbConfiguration
 .bss.Serial    0x200008ac       0x1c c:\Users\Alex\OneDrive - Imperial College London\ME3\DMT\Coop-robolift\Arduino\Build/core\core.a(CDC.cpp.o)
                0x200008ac                Serial
 .bss._ZZ12PluggableUSBvE3obj
                0x200008c8        0x8 c:\Users\Alex\OneDrive - Imperial College London\ME3\DMT\Coop-robolift\Arduino\Build/core\core.a(PluggableUSB.cpp.o)
 .bss._ZGVZ12PluggableUSBvE3obj
                0x200008d0        0x4 c:\Users\Alex\OneDrive - Imperial College London\ME3\DMT\Coop-robolift\Arduino\Build/core\core.a(PluggableUSB.cpp.o)
 .bss.__malloc_sbrk_start
                0x200008d4        0x4 c:/users/alex/appdata/local/arduino15/packages/arduino/tools/arm-none-eabi-gcc/4.8.3-2014q1/bin/../lib/gcc/arm-none-eabi/4.8.3/../../../../arm-none-eabi/lib/armv6-m\libc_s.a(lib_a-nano-mallocr.o)
                0x200008d4                __malloc_sbrk_start
 .bss.__malloc_free_list
                0x200008d8        0x4 c:/users/alex/appdata/local/arduino15/packages/arduino/tools/arm-none-eabi-gcc/4.8.3-2014q1/bin/../lib/gcc/arm-none-eabi/4.8.3/../../../../arm-none-eabi/lib/armv6-m\libc_s.a(lib_a-nano-mallocr.o)
                0x200008d8                __malloc_free_list
 .bss.heap_end.4243
                0x200008dc        0x4 c:/users/alex/appdata/local/arduino15/packages/arduino/tools/arm-none-eabi-gcc/4.8.3-2014q1/bin/../lib/gcc/arm-none-eabi/4.8.3/../../../../arm-none-eabi/lib/armv6-m\libnosys.a(sbrk.o)
 *(COMMON)
 COMMON         0x200008e0        0x4 c:/users/alex/appdata/local/arduino15/packages/arduino/tools/arm-none-eabi-gcc/4.8.3-2014q1/bin/../lib/gcc/arm-none-eabi/4.8.3/../../../../arm-none-eabi/lib/armv6-m\libc_s.a(lib_a-reent.o)
                0x200008e0                errno
                0x200008e4                . = ALIGN (0x4)
                0x200008e4                __bss_end__ = .

.heap           0x200008e4        0x0
                0x200008e4                __end__ = .
                0x200008e4                PROVIDE (end, .)
 *(.heap*)
                0x200008e4                __HeapLimit = .

.stack_dummy    0x200008e4        0x0
 *(.stack*)
                0x20008000                __StackTop = (ORIGIN (RAM) + 0x8000)
                0x20008000                __StackLimit = (__StackTop - SIZEOF (.stack_dummy))
                0x20008000                PROVIDE (__stack, __StackTop)
                0x20007fff                __ram_end__ = ((ORIGIN (RAM) + 0x8000) - 0x1)
                0x00000001                ASSERT ((__StackLimit >= __HeapLimit), region RAM overflowed with stack)
OUTPUT(c:\Users\Alex\OneDrive - Imperial College London\ME3\DMT\Coop-robolift\Arduino\Build/MotorTest.ino.elf elf32-littlearm)

.ARM.attributes
                0x00000000       0x28
 .ARM.attributes
                0x00000000       0x1e c:/users/alex/appdata/local/arduino15/packages/arduino/tools/arm-none-eabi-gcc/4.8.3-2014q1/bin/../lib/gcc/arm-none-eabi/4.8.3/armv6-m/crti.o
 .ARM.attributes
                0x0000001e       0x2c c:/users/alex/appdata/local/arduino15/packages/arduino/tools/arm-none-eabi-gcc/4.8.3-2014q1/bin/../lib/gcc/arm-none-eabi/4.8.3/armv6-m/crtbegin.o
 .ARM.attributes
                0x0000004a       0x32 c:\Users\Alex\OneDrive - Imperial College London\ME3\DMT\Coop-robolift\Arduino\Build\sketch\MotorTest.ino.cpp.o
 .ARM.attributes
                0x0000007c       0x32 c:\Users\Alex\OneDrive - Imperial College London\ME3\DMT\Coop-robolift\Arduino\Build\core\variant.cpp.o
 .ARM.attributes
                0x000000ae       0x32 c:\Users\Alex\OneDrive - Imperial College London\ME3\DMT\Coop-robolift\Arduino\Build/core\core.a(cortex_handlers.c.o)
 .ARM.attributes
                0x000000e0       0x32 c:\Users\Alex\OneDrive - Imperial College London\ME3\DMT\Coop-robolift\Arduino\Build/core\core.a(delay.c.o)
 .ARM.attributes
                0x00000112       0x32 c:\Users\Alex\OneDrive - Imperial College London\ME3\DMT\Coop-robolift\Arduino\Build/core\core.a(hooks.c.o)
 .ARM.attributes
                0x00000144       0x32 c:\Users\Alex\OneDrive - Imperial College London\ME3\DMT\Coop-robolift\Arduino\Build/core\core.a(startup.c.o)
 .ARM.attributes
                0x00000176       0x32 c:\Users\Alex\OneDrive - Imperial College London\ME3\DMT\Coop-robolift\Arduino\Build/core\core.a(wiring.c.o)
 .ARM.attributes
                0x000001a8       0x32 c:\Users\Alex\OneDrive - Imperial College London\ME3\DMT\Coop-robolift\Arduino\Build/core\core.a(wiring_analog.c.o)
 .ARM.attributes
                0x000001da       0x32 c:\Users\Alex\OneDrive - Imperial College London\ME3\DMT\Coop-robolift\Arduino\Build/core\core.a(wiring_digital.c.o)
 .ARM.attributes
                0x0000020c       0x32 c:\Users\Alex\OneDrive - Imperial College London\ME3\DMT\Coop-robolift\Arduino\Build/core\core.a(wiring_private.c.o)
 .ARM.attributes
                0x0000023e       0x32 c:\Users\Alex\OneDrive - Imperial College London\ME3\DMT\Coop-robolift\Arduino\Build/core\core.a(Reset.cpp.o)
 .ARM.attributes
                0x00000270       0x32 c:\Users\Alex\OneDrive - Imperial College London\ME3\DMT\Coop-robolift\Arduino\Build/core\core.a(SERCOM.cpp.o)
 .ARM.attributes
                0x000002a2       0x32 c:\Users\Alex\OneDrive - Imperial College London\ME3\DMT\Coop-robolift\Arduino\Build/core\core.a(Uart.cpp.o)
 .ARM.attributes
                0x000002d4       0x32 c:\Users\Alex\OneDrive - Imperial College London\ME3\DMT\Coop-robolift\Arduino\Build/core\core.a(main.cpp.o)
 .ARM.attributes
                0x00000306       0x32 c:\Users\Alex\OneDrive - Imperial College London\ME3\DMT\Coop-robolift\Arduino\Build/core\core.a(USBCore.cpp.o)
 .ARM.attributes
                0x00000338       0x32 c:\Users\Alex\OneDrive - Imperial College London\ME3\DMT\Coop-robolift\Arduino\Build/core\core.a(Print.cpp.o)
 .ARM.attributes
                0x0000036a       0x32 c:\Users\Alex\OneDrive - Imperial College London\ME3\DMT\Coop-robolift\Arduino\Build/core\core.a(RingBuffer.cpp.o)
 .ARM.attributes
                0x0000039c       0x32 c:\Users\Alex\OneDrive - Imperial College London\ME3\DMT\Coop-robolift\Arduino\Build/core\core.a(new.cpp.o)
 .ARM.attributes
                0x000003ce       0x32 c:\Users\Alex\OneDrive - Imperial College London\ME3\DMT\Coop-robolift\Arduino\Build/core\core.a(CDC.cpp.o)
 .ARM.attributes
                0x00000400       0x32 c:\Users\Alex\OneDrive - Imperial College London\ME3\DMT\Coop-robolift\Arduino\Build/core\core.a(PluggableUSB.cpp.o)
 .ARM.attributes
                0x00000432       0x1e c:/users/alex/appdata/local/arduino15/packages/arduino/tools/arm-none-eabi-gcc/4.8.3-2014q1/bin/../lib/gcc/arm-none-eabi/4.8.3/armv6-m\libgcc.a(_thumb1_case_uqi.o)
 .ARM.attributes
                0x00000450       0x1e c:/users/alex/appdata/local/arduino15/packages/arduino/tools/arm-none-eabi-gcc/4.8.3-2014q1/bin/../lib/gcc/arm-none-eabi/4.8.3/armv6-m\libgcc.a(_udivsi3.o)
 .ARM.attributes
                0x0000046e       0x1e c:/users/alex/appdata/local/arduino15/packages/arduino/tools/arm-none-eabi-gcc/4.8.3-2014q1/bin/../lib/gcc/arm-none-eabi/4.8.3/armv6-m\libgcc.a(_dvmd_tls.o)
 .ARM.attributes
                0x0000048c       0x2c c:/users/alex/appdata/local/arduino15/packages/arduino/tools/arm-none-eabi-gcc/4.8.3-2014q1/bin/../lib/gcc/arm-none-eabi/4.8.3/../../../../arm-none-eabi/lib/armv6-m\libc_s.a(lib_a-impure.o)
 .ARM.attributes
                0x000004b8       0x2c c:/users/alex/appdata/local/arduino15/packages/arduino/tools/arm-none-eabi-gcc/4.8.3-2014q1/bin/../lib/gcc/arm-none-eabi/4.8.3/../../../../arm-none-eabi/lib/armv6-m\libc_s.a(lib_a-init.o)
 .ARM.attributes
                0x000004e4       0x2c c:/users/alex/appdata/local/arduino15/packages/arduino/tools/arm-none-eabi-gcc/4.8.3-2014q1/bin/../lib/gcc/arm-none-eabi/4.8.3/../../../../arm-none-eabi/lib/armv6-m\libc_s.a(lib_a-malloc.o)
 .ARM.attributes
                0x00000510       0x2c c:/users/alex/appdata/local/arduino15/packages/arduino/tools/arm-none-eabi-gcc/4.8.3-2014q1/bin/../lib/gcc/arm-none-eabi/4.8.3/../../../../arm-none-eabi/lib/armv6-m\libc_s.a(lib_a-memcpy-stub.o)
 .ARM.attributes
                0x0000053c       0x2c c:/users/alex/appdata/local/arduino15/packages/arduino/tools/arm-none-eabi-gcc/4.8.3-2014q1/bin/../lib/gcc/arm-none-eabi/4.8.3/../../../../arm-none-eabi/lib/armv6-m\libc_s.a(lib_a-memset.o)
 .ARM.attributes
                0x00000568       0x2c c:/users/alex/appdata/local/arduino15/packages/arduino/tools/arm-none-eabi-gcc/4.8.3-2014q1/bin/../lib/gcc/arm-none-eabi/4.8.3/../../../../arm-none-eabi/lib/armv6-m\libc_s.a(lib_a-nano-mallocr.o)
 .ARM.attributes
                0x00000594       0x2c c:/users/alex/appdata/local/arduino15/packages/arduino/tools/arm-none-eabi-gcc/4.8.3-2014q1/bin/../lib/gcc/arm-none-eabi/4.8.3/../../../../arm-none-eabi/lib/armv6-m\libc_s.a(lib_a-sbrkr.o)
 .ARM.attributes
                0x000005c0       0x2c c:/users/alex/appdata/local/arduino15/packages/arduino/tools/arm-none-eabi-gcc/4.8.3-2014q1/bin/../lib/gcc/arm-none-eabi/4.8.3/../../../../arm-none-eabi/lib/armv6-m\libc_s.a(lib_a-strlen.o)
 .ARM.attributes
                0x000005ec       0x2c c:/users/alex/appdata/local/arduino15/packages/arduino/tools/arm-none-eabi-gcc/4.8.3-2014q1/bin/../lib/gcc/arm-none-eabi/4.8.3/../../../../arm-none-eabi/lib/armv6-m\libc_s.a(lib_a-reent.o)
 .ARM.attributes
                0x00000618       0x2c c:/users/alex/appdata/local/arduino15/packages/arduino/tools/arm-none-eabi-gcc/4.8.3-2014q1/bin/../lib/gcc/arm-none-eabi/4.8.3/../../../../arm-none-eabi/lib/armv6-m\libnosys.a(sbrk.o)
 .ARM.attributes
                0x00000644       0x2c c:/users/alex/appdata/local/arduino15/packages/arduino/tools/arm-none-eabi-gcc/4.8.3-2014q1/bin/../lib/gcc/arm-none-eabi/4.8.3/armv6-m/crtend.o
 .ARM.attributes
                0x00000670       0x1e c:/users/alex/appdata/local/arduino15/packages/arduino/tools/arm-none-eabi-gcc/4.8.3-2014q1/bin/../lib/gcc/arm-none-eabi/4.8.3/armv6-m/crtn.o

.comment        0x00000000       0x70
 .comment       0x00000000       0x70 c:\Users\Alex\OneDrive - Imperial College London\ME3\DMT\Coop-robolift\Arduino\Build\sketch\MotorTest.ino.cpp.o
                                 0x71 (size before relaxing)
 .comment       0x00000000       0x71 c:\Users\Alex\OneDrive - Imperial College London\ME3\DMT\Coop-robolift\Arduino\Build\core\variant.cpp.o
 .comment       0x00000000       0x71 c:\Users\Alex\OneDrive - Imperial College London\ME3\DMT\Coop-robolift\Arduino\Build/core\core.a(cortex_handlers.c.o)
 .comment       0x00000000       0x71 c:\Users\Alex\OneDrive - Imperial College London\ME3\DMT\Coop-robolift\Arduino\Build/core\core.a(delay.c.o)
 .comment       0x00000000       0x71 c:\Users\Alex\OneDrive - Imperial College London\ME3\DMT\Coop-robolift\Arduino\Build/core\core.a(hooks.c.o)
 .comment       0x00000000       0x71 c:\Users\Alex\OneDrive - Imperial College London\ME3\DMT\Coop-robolift\Arduino\Build/core\core.a(startup.c.o)
 .comment       0x00000000       0x71 c:\Users\Alex\OneDrive - Imperial College London\ME3\DMT\Coop-robolift\Arduino\Build/core\core.a(wiring.c.o)
 .comment       0x00000000       0x71 c:\Users\Alex\OneDrive - Imperial College London\ME3\DMT\Coop-robolift\Arduino\Build/core\core.a(wiring_analog.c.o)
 .comment       0x00000000       0x71 c:\Users\Alex\OneDrive - Imperial College London\ME3\DMT\Coop-robolift\Arduino\Build/core\core.a(wiring_digital.c.o)
 .comment       0x00000000       0x71 c:\Users\Alex\OneDrive - Imperial College London\ME3\DMT\Coop-robolift\Arduino\Build/core\core.a(wiring_private.c.o)
 .comment       0x00000000       0x71 c:\Users\Alex\OneDrive - Imperial College London\ME3\DMT\Coop-robolift\Arduino\Build/core\core.a(Reset.cpp.o)
 .comment       0x00000000       0x71 c:\Users\Alex\OneDrive - Imperial College London\ME3\DMT\Coop-robolift\Arduino\Build/core\core.a(SERCOM.cpp.o)
 .comment       0x00000000       0x71 c:\Users\Alex\OneDrive - Imperial College London\ME3\DMT\Coop-robolift\Arduino\Build/core\core.a(Uart.cpp.o)
 .comment       0x00000000       0x71 c:\Users\Alex\OneDrive - Imperial College London\ME3\DMT\Coop-robolift\Arduino\Build/core\core.a(main.cpp.o)
 .comment       0x00000000       0x71 c:\Users\Alex\OneDrive - Imperial College London\ME3\DMT\Coop-robolift\Arduino\Build/core\core.a(USBCore.cpp.o)
 .comment       0x00000000       0x71 c:\Users\Alex\OneDrive - Imperial College London\ME3\DMT\Coop-robolift\Arduino\Build/core\core.a(Print.cpp.o)
 .comment       0x00000000       0x71 c:\Users\Alex\OneDrive - Imperial College London\ME3\DMT\Coop-robolift\Arduino\Build/core\core.a(RingBuffer.cpp.o)
 .comment       0x00000000       0x71 c:\Users\Alex\OneDrive - Imperial College London\ME3\DMT\Coop-robolift\Arduino\Build/core\core.a(new.cpp.o)
 .comment       0x00000000       0x71 c:\Users\Alex\OneDrive - Imperial College London\ME3\DMT\Coop-robolift\Arduino\Build/core\core.a(CDC.cpp.o)
 .comment       0x00000000       0x71 c:\Users\Alex\OneDrive - Imperial College London\ME3\DMT\Coop-robolift\Arduino\Build/core\core.a(PluggableUSB.cpp.o)

.debug_info     0x00000000    0x273be
 .debug_info    0x00000000      0x55a c:\Users\Alex\OneDrive - Imperial College London\ME3\DMT\Coop-robolift\Arduino\Build\sketch\MotorTest.ino.cpp.o
 .debug_info    0x0000055a     0x54f9 c:\Users\Alex\OneDrive - Imperial College London\ME3\DMT\Coop-robolift\Arduino\Build\core\variant.cpp.o
 .debug_info    0x00005a53      0x4ec c:\Users\Alex\OneDrive - Imperial College London\ME3\DMT\Coop-robolift\Arduino\Build/core\core.a(cortex_handlers.c.o)
 .debug_info    0x00005f3f      0x378 c:\Users\Alex\OneDrive - Imperial College London\ME3\DMT\Coop-robolift\Arduino\Build/core\core.a(delay.c.o)
 .debug_info    0x000062b7       0x60 c:\Users\Alex\OneDrive - Imperial College London\ME3\DMT\Coop-robolift\Arduino\Build/core\core.a(hooks.c.o)
 .debug_info    0x00006317     0x2915 c:\Users\Alex\OneDrive - Imperial College London\ME3\DMT\Coop-robolift\Arduino\Build/core\core.a(startup.c.o)
 .debug_info    0x00008c2c     0x1df2 c:\Users\Alex\OneDrive - Imperial College London\ME3\DMT\Coop-robolift\Arduino\Build/core\core.a(wiring.c.o)
 .debug_info    0x0000aa1e     0x43b1 c:\Users\Alex\OneDrive - Imperial College London\ME3\DMT\Coop-robolift\Arduino\Build/core\core.a(wiring_analog.c.o)
 .debug_info    0x0000edcf      0xba5 c:\Users\Alex\OneDrive - Imperial College London\ME3\DMT\Coop-robolift\Arduino\Build/core\core.a(wiring_digital.c.o)
 .debug_info    0x0000f974      0xb8e c:\Users\Alex\OneDrive - Imperial College London\ME3\DMT\Coop-robolift\Arduino\Build/core\core.a(wiring_private.c.o)
 .debug_info    0x00010502      0x85c c:\Users\Alex\OneDrive - Imperial College London\ME3\DMT\Coop-robolift\Arduino\Build/core\core.a(Reset.cpp.o)
 .debug_info    0x00010d5e     0x3a1b c:\Users\Alex\OneDrive - Imperial College London\ME3\DMT\Coop-robolift\Arduino\Build/core\core.a(SERCOM.cpp.o)
 .debug_info    0x00014779     0x485a c:\Users\Alex\OneDrive - Imperial College London\ME3\DMT\Coop-robolift\Arduino\Build/core\core.a(Uart.cpp.o)
 .debug_info    0x00018fd3      0x7d8 c:\Users\Alex\OneDrive - Imperial College London\ME3\DMT\Coop-robolift\Arduino\Build/core\core.a(main.cpp.o)
 .debug_info    0x000197ab     0x7bec c:\Users\Alex\OneDrive - Imperial College London\ME3\DMT\Coop-robolift\Arduino\Build/core\core.a(USBCore.cpp.o)
 .debug_info    0x00021397     0x2703 c:\Users\Alex\OneDrive - Imperial College London\ME3\DMT\Coop-robolift\Arduino\Build/core\core.a(Print.cpp.o)
 .debug_info    0x00023a9a      0x488 c:\Users\Alex\OneDrive - Imperial College London\ME3\DMT\Coop-robolift\Arduino\Build/core\core.a(RingBuffer.cpp.o)
 .debug_info    0x00023f22      0x1a1 c:\Users\Alex\OneDrive - Imperial College London\ME3\DMT\Coop-robolift\Arduino\Build/core\core.a(new.cpp.o)
 .debug_info    0x000240c3     0x2c0b c:\Users\Alex\OneDrive - Imperial College London\ME3\DMT\Coop-robolift\Arduino\Build/core\core.a(CDC.cpp.o)
 .debug_info    0x00026cce      0x6f0 c:\Users\Alex\OneDrive - Imperial College London\ME3\DMT\Coop-robolift\Arduino\Build/core\core.a(PluggableUSB.cpp.o)

.debug_abbrev   0x00000000     0x3a3e
 .debug_abbrev  0x00000000      0x15d c:\Users\Alex\OneDrive - Imperial College London\ME3\DMT\Coop-robolift\Arduino\Build\sketch\MotorTest.ino.cpp.o
 .debug_abbrev  0x0000015d      0x32b c:\Users\Alex\OneDrive - Imperial College London\ME3\DMT\Coop-robolift\Arduino\Build\core\variant.cpp.o
 .debug_abbrev  0x00000488      0x159 c:\Users\Alex\OneDrive - Imperial College London\ME3\DMT\Coop-robolift\Arduino\Build/core\core.a(cortex_handlers.c.o)
 .debug_abbrev  0x000005e1      0x158 c:\Users\Alex\OneDrive - Imperial College London\ME3\DMT\Coop-robolift\Arduino\Build/core\core.a(delay.c.o)
 .debug_abbrev  0x00000739       0x47 c:\Users\Alex\OneDrive - Imperial College London\ME3\DMT\Coop-robolift\Arduino\Build/core\core.a(hooks.c.o)
 .debug_abbrev  0x00000780      0x17a c:\Users\Alex\OneDrive - Imperial College London\ME3\DMT\Coop-robolift\Arduino\Build/core\core.a(startup.c.o)
 .debug_abbrev  0x000008fa      0x281 c:\Users\Alex\OneDrive - Imperial College London\ME3\DMT\Coop-robolift\Arduino\Build/core\core.a(wiring.c.o)
 .debug_abbrev  0x00000b7b      0x38f c:\Users\Alex\OneDrive - Imperial College London\ME3\DMT\Coop-robolift\Arduino\Build/core\core.a(wiring_analog.c.o)
 .debug_abbrev  0x00000f0a      0x201 c:\Users\Alex\OneDrive - Imperial College London\ME3\DMT\Coop-robolift\Arduino\Build/core\core.a(wiring_digital.c.o)
 .debug_abbrev  0x0000110b      0x21b c:\Users\Alex\OneDrive - Imperial College London\ME3\DMT\Coop-robolift\Arduino\Build/core\core.a(wiring_private.c.o)
 .debug_abbrev  0x00001326      0x264 c:\Users\Alex\OneDrive - Imperial College London\ME3\DMT\Coop-robolift\Arduino\Build/core\core.a(Reset.cpp.o)
 .debug_abbrev  0x0000158a      0x48d c:\Users\Alex\OneDrive - Imperial College London\ME3\DMT\Coop-robolift\Arduino\Build/core\core.a(SERCOM.cpp.o)
 .debug_abbrev  0x00001a17      0x500 c:\Users\Alex\OneDrive - Imperial College London\ME3\DMT\Coop-robolift\Arduino\Build/core\core.a(Uart.cpp.o)
 .debug_abbrev  0x00001f17      0x216 c:\Users\Alex\OneDrive - Imperial College London\ME3\DMT\Coop-robolift\Arduino\Build/core\core.a(main.cpp.o)
 .debug_abbrev  0x0000212d      0x8aa c:\Users\Alex\OneDrive - Imperial College London\ME3\DMT\Coop-robolift\Arduino\Build/core\core.a(USBCore.cpp.o)
 .debug_abbrev  0x000029d7      0x476 c:\Users\Alex\OneDrive - Imperial College London\ME3\DMT\Coop-robolift\Arduino\Build/core\core.a(Print.cpp.o)
 .debug_abbrev  0x00002e4d      0x20d c:\Users\Alex\OneDrive - Imperial College London\ME3\DMT\Coop-robolift\Arduino\Build/core\core.a(RingBuffer.cpp.o)
 .debug_abbrev  0x0000305a       0xd7 c:\Users\Alex\OneDrive - Imperial College London\ME3\DMT\Coop-robolift\Arduino\Build/core\core.a(new.cpp.o)
 .debug_abbrev  0x00003131      0x61c c:\Users\Alex\OneDrive - Imperial College London\ME3\DMT\Coop-robolift\Arduino\Build/core\core.a(CDC.cpp.o)
 .debug_abbrev  0x0000374d      0x2f1 c:\Users\Alex\OneDrive - Imperial College London\ME3\DMT\Coop-robolift\Arduino\Build/core\core.a(PluggableUSB.cpp.o)

.debug_loc      0x00000000     0x5a95
 .debug_loc     0x00000000       0x2a c:\Users\Alex\OneDrive - Imperial College London\ME3\DMT\Coop-robolift\Arduino\Build\sketch\MotorTest.ino.cpp.o
 .debug_loc     0x0000002a       0x7b c:\Users\Alex\OneDrive - Imperial College London\ME3\DMT\Coop-robolift\Arduino\Build/core\core.a(cortex_handlers.c.o)
 .debug_loc     0x000000a5       0xf4 c:\Users\Alex\OneDrive - Imperial College London\ME3\DMT\Coop-robolift\Arduino\Build/core\core.a(delay.c.o)
 .debug_loc     0x00000199       0x58 c:\Users\Alex\OneDrive - Imperial College London\ME3\DMT\Coop-robolift\Arduino\Build/core\core.a(startup.c.o)
 .debug_loc     0x000001f1       0xe9 c:\Users\Alex\OneDrive - Imperial College London\ME3\DMT\Coop-robolift\Arduino\Build/core\core.a(wiring.c.o)
 .debug_loc     0x000002da      0x64b c:\Users\Alex\OneDrive - Imperial College London\ME3\DMT\Coop-robolift\Arduino\Build/core\core.a(wiring_analog.c.o)
 .debug_loc     0x00000925      0x19f c:\Users\Alex\OneDrive - Imperial College London\ME3\DMT\Coop-robolift\Arduino\Build/core\core.a(wiring_digital.c.o)
 .debug_loc     0x00000ac4      0x123 c:\Users\Alex\OneDrive - Imperial College London\ME3\DMT\Coop-robolift\Arduino\Build/core\core.a(wiring_private.c.o)
 .debug_loc     0x00000be7      0xa76 c:\Users\Alex\OneDrive - Imperial College London\ME3\DMT\Coop-robolift\Arduino\Build/core\core.a(SERCOM.cpp.o)
 .debug_loc     0x0000165d      0x42a c:\Users\Alex\OneDrive - Imperial College London\ME3\DMT\Coop-robolift\Arduino\Build/core\core.a(Uart.cpp.o)
 .debug_loc     0x00001a87     0x2399 c:\Users\Alex\OneDrive - Imperial College London\ME3\DMT\Coop-robolift\Arduino\Build/core\core.a(USBCore.cpp.o)
 .debug_loc     0x00003e20     0x115f c:\Users\Alex\OneDrive - Imperial College London\ME3\DMT\Coop-robolift\Arduino\Build/core\core.a(Print.cpp.o)
 .debug_loc     0x00004f7f      0x2f6 c:\Users\Alex\OneDrive - Imperial College London\ME3\DMT\Coop-robolift\Arduino\Build/core\core.a(RingBuffer.cpp.o)
 .debug_loc     0x00005275       0x84 c:\Users\Alex\OneDrive - Imperial College London\ME3\DMT\Coop-robolift\Arduino\Build/core\core.a(new.cpp.o)
 .debug_loc     0x000052f9      0x544 c:\Users\Alex\OneDrive - Imperial College London\ME3\DMT\Coop-robolift\Arduino\Build/core\core.a(CDC.cpp.o)
 .debug_loc     0x0000583d      0x258 c:\Users\Alex\OneDrive - Imperial College London\ME3\DMT\Coop-robolift\Arduino\Build/core\core.a(PluggableUSB.cpp.o)

.debug_aranges  0x00000000      0x8a0
 .debug_aranges
                0x00000000       0x28 c:\Users\Alex\OneDrive - Imperial College London\ME3\DMT\Coop-robolift\Arduino\Build\sketch\MotorTest.ino.cpp.o
 .debug_aranges
                0x00000028       0x30 c:\Users\Alex\OneDrive - Imperial College London\ME3\DMT\Coop-robolift\Arduino\Build\core\variant.cpp.o
 .debug_aranges
                0x00000058       0x40 c:\Users\Alex\OneDrive - Imperial College London\ME3\DMT\Coop-robolift\Arduino\Build/core\core.a(cortex_handlers.c.o)
 .debug_aranges
                0x00000098       0x38 c:\Users\Alex\OneDrive - Imperial College London\ME3\DMT\Coop-robolift\Arduino\Build/core\core.a(delay.c.o)
 .debug_aranges
                0x000000d0       0x30 c:\Users\Alex\OneDrive - Imperial College London\ME3\DMT\Coop-robolift\Arduino\Build/core\core.a(hooks.c.o)
 .debug_aranges
                0x00000100       0x20 c:\Users\Alex\OneDrive - Imperial College London\ME3\DMT\Coop-robolift\Arduino\Build/core\core.a(startup.c.o)
 .debug_aranges
                0x00000120       0x20 c:\Users\Alex\OneDrive - Imperial College London\ME3\DMT\Coop-robolift\Arduino\Build/core\core.a(wiring.c.o)
 .debug_aranges
                0x00000140       0x48 c:\Users\Alex\OneDrive - Imperial College London\ME3\DMT\Coop-robolift\Arduino\Build/core\core.a(wiring_analog.c.o)
 .debug_aranges
                0x00000188       0x30 c:\Users\Alex\OneDrive - Imperial College London\ME3\DMT\Coop-robolift\Arduino\Build/core\core.a(wiring_digital.c.o)
 .debug_aranges
                0x000001b8       0x20 c:\Users\Alex\OneDrive - Imperial College London\ME3\DMT\Coop-robolift\Arduino\Build/core\core.a(wiring_private.c.o)
 .debug_aranges
                0x000001d8       0x30 c:\Users\Alex\OneDrive - Imperial College London\ME3\DMT\Coop-robolift\Arduino\Build/core\core.a(Reset.cpp.o)
 .debug_aranges
                0x00000208      0x1c8 c:\Users\Alex\OneDrive - Imperial College London\ME3\DMT\Coop-robolift\Arduino\Build/core\core.a(SERCOM.cpp.o)
 .debug_aranges
                0x000003d0       0x90 c:\Users\Alex\OneDrive - Imperial College London\ME3\DMT\Coop-robolift\Arduino\Build/core\core.a(Uart.cpp.o)
 .debug_aranges
                0x00000460       0x28 c:\Users\Alex\OneDrive - Imperial College London\ME3\DMT\Coop-robolift\Arduino\Build/core\core.a(main.cpp.o)
 .debug_aranges
                0x00000488      0x168 c:\Users\Alex\OneDrive - Imperial College London\ME3\DMT\Coop-robolift\Arduino\Build/core\core.a(USBCore.cpp.o)
 .debug_aranges
                0x000005f0       0xf8 c:\Users\Alex\OneDrive - Imperial College London\ME3\DMT\Coop-robolift\Arduino\Build/core\core.a(Print.cpp.o)
 .debug_aranges
                0x000006e8       0x58 c:\Users\Alex\OneDrive - Imperial College London\ME3\DMT\Coop-robolift\Arduino\Build/core\core.a(RingBuffer.cpp.o)
 .debug_aranges
                0x00000740       0x38 c:\Users\Alex\OneDrive - Imperial College London\ME3\DMT\Coop-robolift\Arduino\Build/core\core.a(new.cpp.o)
 .debug_aranges
                0x00000778       0xd8 c:\Users\Alex\OneDrive - Imperial College London\ME3\DMT\Coop-robolift\Arduino\Build/core\core.a(CDC.cpp.o)
 .debug_aranges
                0x00000850       0x50 c:\Users\Alex\OneDrive - Imperial College London\ME3\DMT\Coop-robolift\Arduino\Build/core\core.a(PluggableUSB.cpp.o)

.debug_ranges   0x00000000     0x11b0
 .debug_ranges  0x00000000       0x18 c:\Users\Alex\OneDrive - Imperial College London\ME3\DMT\Coop-robolift\Arduino\Build\sketch\MotorTest.ino.cpp.o
 .debug_ranges  0x00000018       0x20 c:\Users\Alex\OneDrive - Imperial College London\ME3\DMT\Coop-robolift\Arduino\Build\core\variant.cpp.o
 .debug_ranges  0x00000038       0x30 c:\Users\Alex\OneDrive - Imperial College London\ME3\DMT\Coop-robolift\Arduino\Build/core\core.a(cortex_handlers.c.o)
 .debug_ranges  0x00000068       0x28 c:\Users\Alex\OneDrive - Imperial College London\ME3\DMT\Coop-robolift\Arduino\Build/core\core.a(delay.c.o)
 .debug_ranges  0x00000090       0x20 c:\Users\Alex\OneDrive - Imperial College London\ME3\DMT\Coop-robolift\Arduino\Build/core\core.a(hooks.c.o)
 .debug_ranges  0x000000b0       0x10 c:\Users\Alex\OneDrive - Imperial College London\ME3\DMT\Coop-robolift\Arduino\Build/core\core.a(startup.c.o)
 .debug_ranges  0x000000c0       0x28 c:\Users\Alex\OneDrive - Imperial College London\ME3\DMT\Coop-robolift\Arduino\Build/core\core.a(wiring.c.o)
 .debug_ranges  0x000000e8       0x38 c:\Users\Alex\OneDrive - Imperial College London\ME3\DMT\Coop-robolift\Arduino\Build/core\core.a(wiring_analog.c.o)
 .debug_ranges  0x00000120       0x20 c:\Users\Alex\OneDrive - Imperial College London\ME3\DMT\Coop-robolift\Arduino\Build/core\core.a(wiring_digital.c.o)
 .debug_ranges  0x00000140       0x28 c:\Users\Alex\OneDrive - Imperial College London\ME3\DMT\Coop-robolift\Arduino\Build/core\core.a(wiring_private.c.o)
 .debug_ranges  0x00000168       0x38 c:\Users\Alex\OneDrive - Imperial College London\ME3\DMT\Coop-robolift\Arduino\Build/core\core.a(Reset.cpp.o)
 .debug_ranges  0x000001a0      0x288 c:\Users\Alex\OneDrive - Imperial College London\ME3\DMT\Coop-robolift\Arduino\Build/core\core.a(SERCOM.cpp.o)
 .debug_ranges  0x00000428       0x80 c:\Users\Alex\OneDrive - Imperial College London\ME3\DMT\Coop-robolift\Arduino\Build/core\core.a(Uart.cpp.o)
 .debug_ranges  0x000004a8       0x18 c:\Users\Alex\OneDrive - Imperial College London\ME3\DMT\Coop-robolift\Arduino\Build/core\core.a(main.cpp.o)
 .debug_ranges  0x000004c0      0x7e0 c:\Users\Alex\OneDrive - Imperial College London\ME3\DMT\Coop-robolift\Arduino\Build/core\core.a(USBCore.cpp.o)
 .debug_ranges  0x00000ca0      0x280 c:\Users\Alex\OneDrive - Imperial College London\ME3\DMT\Coop-robolift\Arduino\Build/core\core.a(Print.cpp.o)
 .debug_ranges  0x00000f20       0x78 c:\Users\Alex\OneDrive - Imperial College London\ME3\DMT\Coop-robolift\Arduino\Build/core\core.a(RingBuffer.cpp.o)
 .debug_ranges  0x00000f98       0x28 c:\Users\Alex\OneDrive - Imperial College London\ME3\DMT\Coop-robolift\Arduino\Build/core\core.a(new.cpp.o)
 .debug_ranges  0x00000fc0      0x120 c:\Users\Alex\OneDrive - Imperial College London\ME3\DMT\Coop-robolift\Arduino\Build/core\core.a(CDC.cpp.o)
 .debug_ranges  0x000010e0       0xd0 c:\Users\Alex\OneDrive - Imperial College London\ME3\DMT\Coop-robolift\Arduino\Build/core\core.a(PluggableUSB.cpp.o)

.debug_line     0x00000000     0x5905
 .debug_line    0x00000000      0x368 c:\Users\Alex\OneDrive - Imperial College London\ME3\DMT\Coop-robolift\Arduino\Build\sketch\MotorTest.ino.cpp.o
 .debug_line    0x00000368      0x30c c:\Users\Alex\OneDrive - Imperial College London\ME3\DMT\Coop-robolift\Arduino\Build\core\variant.cpp.o
 .debug_line    0x00000674      0x319 c:\Users\Alex\OneDrive - Imperial College London\ME3\DMT\Coop-robolift\Arduino\Build/core\core.a(cortex_handlers.c.o)
 .debug_line    0x0000098d      0x310 c:\Users\Alex\OneDrive - Imperial College London\ME3\DMT\Coop-robolift\Arduino\Build/core\core.a(delay.c.o)
 .debug_line    0x00000c9d       0xb2 c:\Users\Alex\OneDrive - Imperial College London\ME3\DMT\Coop-robolift\Arduino\Build/core\core.a(hooks.c.o)
 .debug_line    0x00000d4f      0x3dd c:\Users\Alex\OneDrive - Imperial College London\ME3\DMT\Coop-robolift\Arduino\Build/core\core.a(startup.c.o)
 .debug_line    0x0000112c      0x41a c:\Users\Alex\OneDrive - Imperial College London\ME3\DMT\Coop-robolift\Arduino\Build/core\core.a(wiring.c.o)
 .debug_line    0x00001546      0x51c c:\Users\Alex\OneDrive - Imperial College London\ME3\DMT\Coop-robolift\Arduino\Build/core\core.a(wiring_analog.c.o)
 .debug_line    0x00001a62      0x374 c:\Users\Alex\OneDrive - Imperial College London\ME3\DMT\Coop-robolift\Arduino\Build/core\core.a(wiring_digital.c.o)
 .debug_line    0x00001dd6      0x377 c:\Users\Alex\OneDrive - Imperial College London\ME3\DMT\Coop-robolift\Arduino\Build/core\core.a(wiring_private.c.o)
 .debug_line    0x0000214d      0x380 c:\Users\Alex\OneDrive - Imperial College London\ME3\DMT\Coop-robolift\Arduino\Build/core\core.a(Reset.cpp.o)
 .debug_line    0x000024cd      0x96a c:\Users\Alex\OneDrive - Imperial College London\ME3\DMT\Coop-robolift\Arduino\Build/core\core.a(SERCOM.cpp.o)
 .debug_line    0x00002e37      0x564 c:\Users\Alex\OneDrive - Imperial College London\ME3\DMT\Coop-robolift\Arduino\Build/core\core.a(Uart.cpp.o)
 .debug_line    0x0000339b      0x2db c:\Users\Alex\OneDrive - Imperial College London\ME3\DMT\Coop-robolift\Arduino\Build/core\core.a(main.cpp.o)
 .debug_line    0x00003676      0xec2 c:\Users\Alex\OneDrive - Imperial College London\ME3\DMT\Coop-robolift\Arduino\Build/core\core.a(USBCore.cpp.o)
 .debug_line    0x00004538      0x661 c:\Users\Alex\OneDrive - Imperial College London\ME3\DMT\Coop-robolift\Arduino\Build/core\core.a(Print.cpp.o)
 .debug_line    0x00004b99      0x260 c:\Users\Alex\OneDrive - Imperial College London\ME3\DMT\Coop-robolift\Arduino\Build/core\core.a(RingBuffer.cpp.o)
 .debug_line    0x00004df9      0x1d1 c:\Users\Alex\OneDrive - Imperial College London\ME3\DMT\Coop-robolift\Arduino\Build/core\core.a(new.cpp.o)
 .debug_line    0x00004fca      0x630 c:\Users\Alex\OneDrive - Imperial College London\ME3\DMT\Coop-robolift\Arduino\Build/core\core.a(CDC.cpp.o)
 .debug_line    0x000055fa      0x30b c:\Users\Alex\OneDrive - Imperial College London\ME3\DMT\Coop-robolift\Arduino\Build/core\core.a(PluggableUSB.cpp.o)

.debug_str      0x00000000     0x8753
 .debug_str     0x00000000      0x3dd c:\Users\Alex\OneDrive - Imperial College London\ME3\DMT\Coop-robolift\Arduino\Build\sketch\MotorTest.ino.cpp.o
                                0x525 (size before relaxing)
 .debug_str     0x000003dd     0x234d c:\Users\Alex\OneDrive - Imperial College London\ME3\DMT\Coop-robolift\Arduino\Build\core\variant.cpp.o
                               0x2ed4 (size before relaxing)
 .debug_str     0x0000272a      0x4c1 c:\Users\Alex\OneDrive - Imperial College London\ME3\DMT\Coop-robolift\Arduino\Build/core\core.a(cortex_handlers.c.o)
                                0x621 (size before relaxing)
 .debug_str     0x00002beb       0xfd c:\Users\Alex\OneDrive - Imperial College London\ME3\DMT\Coop-robolift\Arduino\Build/core\core.a(delay.c.o)
                                0x2c7 (size before relaxing)
 .debug_str     0x00002ce8       0x7a c:\Users\Alex\OneDrive - Imperial College London\ME3\DMT\Coop-robolift\Arduino\Build/core\core.a(hooks.c.o)
                                0x139 (size before relaxing)
 .debug_str     0x00002d62      0x87b c:\Users\Alex\OneDrive - Imperial College London\ME3\DMT\Coop-robolift\Arduino\Build/core\core.a(startup.c.o)
                                0xd6e (size before relaxing)
 .debug_str     0x000035dd      0x36c c:\Users\Alex\OneDrive - Imperial College London\ME3\DMT\Coop-robolift\Arduino\Build/core\core.a(wiring.c.o)
                                0xbea (size before relaxing)
 .debug_str     0x00003949      0x179 c:\Users\Alex\OneDrive - Imperial College London\ME3\DMT\Coop-robolift\Arduino\Build/core\core.a(wiring_analog.c.o)
                               0x1609 (size before relaxing)
 .debug_str     0x00003ac2      0x112 c:\Users\Alex\OneDrive - Imperial College London\ME3\DMT\Coop-robolift\Arduino\Build/core\core.a(wiring_digital.c.o)
                                0x975 (size before relaxing)
 .debug_str     0x00003bd4       0x7e c:\Users\Alex\OneDrive - Imperial College London\ME3\DMT\Coop-robolift\Arduino\Build/core\core.a(wiring_private.c.o)
                                0x9af (size before relaxing)
 .debug_str     0x00003c52      0x1ad c:\Users\Alex\OneDrive - Imperial College London\ME3\DMT\Coop-robolift\Arduino\Build/core\core.a(Reset.cpp.o)
                                0x5f6 (size before relaxing)
 .debug_str     0x00003dff      0x242 c:\Users\Alex\OneDrive - Imperial College London\ME3\DMT\Coop-robolift\Arduino\Build/core\core.a(SERCOM.cpp.o)
                               0x2224 (size before relaxing)
 .debug_str     0x00004041     0x102f c:\Users\Alex\OneDrive - Imperial College London\ME3\DMT\Coop-robolift\Arduino\Build/core\core.a(Uart.cpp.o)
                               0x3380 (size before relaxing)
 .debug_str     0x00005070      0x6cd c:\Users\Alex\OneDrive - Imperial College London\ME3\DMT\Coop-robolift\Arduino\Build/core\core.a(main.cpp.o)
                                0x999 (size before relaxing)
 .debug_str     0x0000573d     0x2533 c:\Users\Alex\OneDrive - Imperial College London\ME3\DMT\Coop-robolift\Arduino\Build/core\core.a(USBCore.cpp.o)
                               0x3b92 (size before relaxing)
 .debug_str     0x00007c70      0x3f1 c:\Users\Alex\OneDrive - Imperial College London\ME3\DMT\Coop-robolift\Arduino\Build/core\core.a(Print.cpp.o)
                                0xff6 (size before relaxing)
 .debug_str     0x00008061       0x7e c:\Users\Alex\OneDrive - Imperial College London\ME3\DMT\Coop-robolift\Arduino\Build/core\core.a(RingBuffer.cpp.o)
                                0x385 (size before relaxing)
 .debug_str     0x000080df       0xaf c:\Users\Alex\OneDrive - Imperial College London\ME3\DMT\Coop-robolift\Arduino\Build/core\core.a(new.cpp.o)
                                0x27a (size before relaxing)
 .debug_str     0x0000818e      0x52e c:\Users\Alex\OneDrive - Imperial College London\ME3\DMT\Coop-robolift\Arduino\Build/core\core.a(CDC.cpp.o)
                               0x1e76 (size before relaxing)
 .debug_str     0x000086bc       0x97 c:\Users\Alex\OneDrive - Imperial College London\ME3\DMT\Coop-robolift\Arduino\Build/core\core.a(PluggableUSB.cpp.o)
                                0x610 (size before relaxing)

.debug_frame    0x00000000     0x163c
 .debug_frame   0x00000000       0x40 c:\Users\Alex\OneDrive - Imperial College London\ME3\DMT\Coop-robolift\Arduino\Build\sketch\MotorTest.ino.cpp.o
 .debug_frame   0x00000040       0x64 c:\Users\Alex\OneDrive - Imperial College London\ME3\DMT\Coop-robolift\Arduino\Build\core\variant.cpp.o
 .debug_frame   0x000000a4       0x7c c:\Users\Alex\OneDrive - Imperial College London\ME3\DMT\Coop-robolift\Arduino\Build/core\core.a(cortex_handlers.c.o)
 .debug_frame   0x00000120       0x78 c:\Users\Alex\OneDrive - Imperial College London\ME3\DMT\Coop-robolift\Arduino\Build/core\core.a(delay.c.o)
 .debug_frame   0x00000198       0x40 c:\Users\Alex\OneDrive - Imperial College London\ME3\DMT\Coop-robolift\Arduino\Build/core\core.a(hooks.c.o)
 .debug_frame   0x000001d8       0x2c c:\Users\Alex\OneDrive - Imperial College London\ME3\DMT\Coop-robolift\Arduino\Build/core\core.a(startup.c.o)
 .debug_frame   0x00000204       0x28 c:\Users\Alex\OneDrive - Imperial College London\ME3\DMT\Coop-robolift\Arduino\Build/core\core.a(wiring.c.o)
 .debug_frame   0x0000022c       0x90 c:\Users\Alex\OneDrive - Imperial College London\ME3\DMT\Coop-robolift\Arduino\Build/core\core.a(wiring_analog.c.o)
 .debug_frame   0x000002bc       0x58 c:\Users\Alex\OneDrive - Imperial College London\ME3\DMT\Coop-robolift\Arduino\Build/core\core.a(wiring_digital.c.o)
 .debug_frame   0x00000314       0x30 c:\Users\Alex\OneDrive - Imperial College London\ME3\DMT\Coop-robolift\Arduino\Build/core\core.a(wiring_private.c.o)
 .debug_frame   0x00000344       0x40 c:\Users\Alex\OneDrive - Imperial College London\ME3\DMT\Coop-robolift\Arduino\Build/core\core.a(Reset.cpp.o)
 .debug_frame   0x00000384      0x428 c:\Users\Alex\OneDrive - Imperial College London\ME3\DMT\Coop-robolift\Arduino\Build/core\core.a(SERCOM.cpp.o)
 .debug_frame   0x000007ac      0x16c c:\Users\Alex\OneDrive - Imperial College London\ME3\DMT\Coop-robolift\Arduino\Build/core\core.a(Uart.cpp.o)
 .debug_frame   0x00000918       0x38 c:\Users\Alex\OneDrive - Imperial College London\ME3\DMT\Coop-robolift\Arduino\Build/core\core.a(main.cpp.o)
 .debug_frame   0x00000950      0x43c c:\Users\Alex\OneDrive - Imperial College London\ME3\DMT\Coop-robolift\Arduino\Build/core\core.a(USBCore.cpp.o)
 .debug_frame   0x00000d8c      0x310 c:\Users\Alex\OneDrive - Imperial College London\ME3\DMT\Coop-robolift\Arduino\Build/core\core.a(Print.cpp.o)
 .debug_frame   0x0000109c       0xc4 c:\Users\Alex\OneDrive - Imperial College London\ME3\DMT\Coop-robolift\Arduino\Build/core\core.a(RingBuffer.cpp.o)
 .debug_frame   0x00001160       0x70 c:\Users\Alex\OneDrive - Imperial College London\ME3\DMT\Coop-robolift\Arduino\Build/core\core.a(new.cpp.o)
 .debug_frame   0x000011d0      0x1f4 c:\Users\Alex\OneDrive - Imperial College London\ME3\DMT\Coop-robolift\Arduino\Build/core\core.a(CDC.cpp.o)
 .debug_frame   0x000013c4       0xc4 c:\Users\Alex\OneDrive - Imperial College London\ME3\DMT\Coop-robolift\Arduino\Build/core\core.a(PluggableUSB.cpp.o)
 .debug_frame   0x00001488       0x20 c:/users/alex/appdata/local/arduino15/packages/arduino/tools/arm-none-eabi-gcc/4.8.3-2014q1/bin/../lib/gcc/arm-none-eabi/4.8.3/armv6-m\libgcc.a(_udivsi3.o)
 .debug_frame   0x000014a8       0x2c c:/users/alex/appdata/local/arduino15/packages/arduino/tools/arm-none-eabi-gcc/4.8.3-2014q1/bin/../lib/gcc/arm-none-eabi/4.8.3/../../../../arm-none-eabi/lib/armv6-m\libc_s.a(lib_a-init.o)
 .debug_frame   0x000014d4       0x40 c:/users/alex/appdata/local/arduino15/packages/arduino/tools/arm-none-eabi-gcc/4.8.3-2014q1/bin/../lib/gcc/arm-none-eabi/4.8.3/../../../../arm-none-eabi/lib/armv6-m\libc_s.a(lib_a-malloc.o)
 .debug_frame   0x00001514       0x28 c:/users/alex/appdata/local/arduino15/packages/arduino/tools/arm-none-eabi-gcc/4.8.3-2014q1/bin/../lib/gcc/arm-none-eabi/4.8.3/../../../../arm-none-eabi/lib/armv6-m\libc_s.a(lib_a-memcpy-stub.o)
 .debug_frame   0x0000153c       0x20 c:/users/alex/appdata/local/arduino15/packages/arduino/tools/arm-none-eabi-gcc/4.8.3-2014q1/bin/../lib/gcc/arm-none-eabi/4.8.3/../../../../arm-none-eabi/lib/armv6-m\libc_s.a(lib_a-memset.o)
 .debug_frame   0x0000155c       0x2c c:/users/alex/appdata/local/arduino15/packages/arduino/tools/arm-none-eabi-gcc/4.8.3-2014q1/bin/../lib/gcc/arm-none-eabi/4.8.3/../../../../arm-none-eabi/lib/armv6-m\libc_s.a(lib_a-nano-mallocr.o)
 .debug_frame   0x00001588       0x2c c:/users/alex/appdata/local/arduino15/packages/arduino/tools/arm-none-eabi-gcc/4.8.3-2014q1/bin/../lib/gcc/arm-none-eabi/4.8.3/../../../../arm-none-eabi/lib/armv6-m\libc_s.a(lib_a-sbrkr.o)
 .debug_frame   0x000015b4       0x20 c:/users/alex/appdata/local/arduino15/packages/arduino/tools/arm-none-eabi-gcc/4.8.3-2014q1/bin/../lib/gcc/arm-none-eabi/4.8.3/../../../../arm-none-eabi/lib/armv6-m\libc_s.a(lib_a-strlen.o)
 .debug_frame   0x000015d4       0x48 c:/users/alex/appdata/local/arduino15/packages/arduino/tools/arm-none-eabi-gcc/4.8.3-2014q1/bin/../lib/gcc/arm-none-eabi/4.8.3/../../../../arm-none-eabi/lib/armv6-m\libc_s.a(lib_a-reent.o)
 .debug_frame   0x0000161c       0x20 c:/users/alex/appdata/local/arduino15/packages/arduino/tools/arm-none-eabi-gcc/4.8.3-2014q1/bin/../lib/gcc/arm-none-eabi/4.8.3/../../../../arm-none-eabi/lib/armv6-m\libnosys.a(sbrk.o)

Cross Reference Table

Symbol                                            File
AC_Handler                                        c:\Users\Alex\OneDrive - Imperial College London\ME3\DMT\Coop-robolift\Arduino\Build/core\core.a(cortex_handlers.c.o)
ADC_Handler                                       c:\Users\Alex\OneDrive - Imperial College London\ME3\DMT\Coop-robolift\Arduino\Build/core\core.a(cortex_handlers.c.o)
CDC_GetInterface(unsigned char*)                  c:\Users\Alex\OneDrive - Imperial College London\ME3\DMT\Coop-robolift\Arduino\Build/core\core.a(CDC.cpp.o)
                                                  c:\Users\Alex\OneDrive - Imperial College London\ME3\DMT\Coop-robolift\Arduino\Build/core\core.a(USBCore.cpp.o)
CDC_Setup(USBSetup&)                              c:\Users\Alex\OneDrive - Imperial College London\ME3\DMT\Coop-robolift\Arduino\Build/core\core.a(CDC.cpp.o)
                                                  c:\Users\Alex\OneDrive - Imperial College London\ME3\DMT\Coop-robolift\Arduino\Build/core\core.a(USBCore.cpp.o)
DAC_Handler                                       c:\Users\Alex\OneDrive - Imperial College London\ME3\DMT\Coop-robolift\Arduino\Build/core\core.a(cortex_handlers.c.o)
DMAC_Handler                                      c:\Users\Alex\OneDrive - Imperial College London\ME3\DMT\Coop-robolift\Arduino\Build/core\core.a(cortex_handlers.c.o)
DoubleBufferedEPOutHandler::available() const     c:\Users\Alex\OneDrive - Imperial College London\ME3\DMT\Coop-robolift\Arduino\Build/core\core.a(USBCore.cpp.o)
DoubleBufferedEPOutHandler::handleEndpoint()      c:\Users\Alex\OneDrive - Imperial College London\ME3\DMT\Coop-robolift\Arduino\Build/core\core.a(USBCore.cpp.o)